------------------------------
  Elements     Atomic Weight  
------------------------------
  1.	C         12.01099968
  2.	H          1.00800002
  3.	N         14.00699997
------------------------------


------------------------------------------------------------------------------------------------------
                                                Molecular        Temperature        Elements
  Species                  Phase  Charge         weight         Low      High       C       H       N
------------------------------------------------------------------------------------------------------
    1. N2                    G      0           28.014000    300.00   4000.00       0       0       2
    2. H2                    G      0            2.016000    300.00   4000.00       0       2       0
    3. CH4                   G      0           16.043000    300.00   4000.00       1       4       0
    4. C2H2                  G      0           26.037999    300.00   4000.00       2       2       0
    5. C2H4                  G      0           28.053999    300.00   4000.00       2       4       0
    6. C2H6                  G      0           30.069999    300.00   4000.00       2       6       0
    7. C3H2                  G      0           38.048999    300.00   4000.00       3       2       0
    8. AC3H4                 G      0           40.064999    300.00   4000.00       3       4       0
    9. C3H6                  G      0           42.080999    300.00   4000.00       3       6       0
   10. C3H8                  G      0           44.096999    300.00   4000.00       3       8       0
   11. CYC5H6                G      0           66.102998    300.00   4000.00       5       6       0
   12. C6H6                  G      0           78.113998    300.00   4000.00       6       6       0
   13. C10H8                 G      0          128.173997    300.00   4000.00      10       8       0
   14. H                     G      0            1.008000    300.00   4000.00       0       1       0
   15. C                     G      0           12.011000    300.00   4000.00       1       0       0
   16. CH                    G      0           13.019000    300.00   4000.00       1       1       0
   17. CH2S                  G      0           14.027000    300.00   4000.00       1       2       0
   18. CH2                   G      0           14.027000    300.00   4000.00       1       2       0
   19. CH3                   G      0           15.035000    300.00   4000.00       1       3       0
   20. C2H                   G      0           25.029999    300.00   4000.00       2       1       0
   21. C2H3                  G      0           27.045999    300.00   4000.00       2       3       0
   22. C2H5                  G      0           29.061999    300.00   4000.00       2       5       0
   23. C3H3                  G      0           39.056999    300.00   4000.00       3       3       0
   24. CH2CHCH2              G      0           41.072999    300.00   4000.00       3       5       0
   25. NC3H7                 G      0           43.088999    300.00   4000.00       3       7       0
   26. C4H5                  G      0           53.083999    300.00   4000.00       4       5       0
   27. CYC5H5                G      0           65.094998    300.00   4000.00       5       5       0
   28. C6H5                  G      0           77.105998    300.00   4000.00       6       5       0
   29. C4H3                  G      0           51.067999    300.00   4000.00       4       3       0
   30. C4H4                  G      0           52.075999    300.00   4000.00       4       4       0
   31. C7H7                  G      0           91.132998    300.00   4000.00       7       7       0
   32. C7H8                  G      0           92.140998    300.00   4000.00       7       8       0
   33. INDENYL               G      0          115.154997    300.00   4000.00       9       7       0
   34. INDENE                G      0          116.162997    300.00   4000.00       9       8       0
   35. PC3H4                 G      0           40.064999    300.00   4000.00       3       4       0
   36. C6H5C2H               G      0          102.135998    300.00   4000.00       8       6       0
   37. C6H5C2H3              G      0          104.151998    300.00   4000.00       8       8       0
------------------------------------------------------------------------------------------------------

------------------------------------------------------------------------------------------------------
                                                Molecular        Temperature        Elements
  Species                  Phase  Charge         weight         Low      High       C       H       N
------------------------------------------------------------------------------------------------------
    1. N2                    G      0           28.014000    300.00   4000.00       0       0       2
   14. H                     G      0            1.008000    300.00   4000.00       0       1       0
    2. H2                    G      0            2.016000    300.00   4000.00       0       2       0
   15. C                     G      0           12.011000    300.00   4000.00       1       0       0
    3. CH4                   G      0           16.043000    300.00   4000.00       1       4       0
   19. CH3                   G      0           15.035000    300.00   4000.00       1       3       0
   18. CH2                   G      0           14.027000    300.00   4000.00       1       2       0
   16. CH                    G      0           13.019000    300.00   4000.00       1       1       0
   17. CH2S                  G      0           14.027000    300.00   4000.00       1       2       0
   22. C2H5                  G      0           29.061999    300.00   4000.00       2       5       0
    4. C2H2                  G      0           26.037999    300.00   4000.00       2       2       0
    6. C2H6                  G      0           30.069999    300.00   4000.00       2       6       0
   21. C2H3                  G      0           27.045999    300.00   4000.00       2       3       0
   20. C2H                   G      0           25.029999    300.00   4000.00       2       1       0
    5. C2H4                  G      0           28.053999    300.00   4000.00       2       4       0
    8. AC3H4                 G      0           40.064999    300.00   4000.00       3       4       0
    9. C3H6                  G      0           42.080999    300.00   4000.00       3       6       0
   24. CH2CHCH2              G      0           41.072999    300.00   4000.00       3       5       0
   25. NC3H7                 G      0           43.088999    300.00   4000.00       3       7       0
   35. PC3H4                 G      0           40.064999    300.00   4000.00       3       4       0
   23. C3H3                  G      0           39.056999    300.00   4000.00       3       3       0
   10. C3H8                  G      0           44.096999    300.00   4000.00       3       8       0
    7. C3H2                  G      0           38.048999    300.00   4000.00       3       2       0
   30. C4H4                  G      0           52.075999    300.00   4000.00       4       4       0
   26. C4H5                  G      0           53.083999    300.00   4000.00       4       5       0
   29. C4H3                  G      0           51.067999    300.00   4000.00       4       3       0
   27. CYC5H5                G      0           65.094998    300.00   4000.00       5       5       0
   11. CYC5H6                G      0           66.102998    300.00   4000.00       5       6       0
   28. C6H5                  G      0           77.105998    300.00   4000.00       6       5       0
   12. C6H6                  G      0           78.113998    300.00   4000.00       6       6       0
   31. C7H7                  G      0           91.132998    300.00   4000.00       7       7       0
   32. C7H8                  G      0           92.140998    300.00   4000.00       7       8       0
   36. C6H5C2H               G      0          102.135998    300.00   4000.00       8       6       0
   37. C6H5C2H3              G      0          104.151998    300.00   4000.00       8       8       0
   33. INDENYL               G      0          115.154997    300.00   4000.00       9       7       0
   34. INDENE                G      0          116.162997    300.00   4000.00       9       8       0
   13. C10H8                 G      0          128.173997    300.00   4000.00      10       8       0
------------------------------------------------------------------------------------------------------

------------------------------------------------------------------------------------------------------------------
  Species                  Shape       eps/kb          sigma             mu           alfa        zRot298         
------------------------------------------------------------------------------------------------------------------
    1. N2                    1        97.5300         3.6210         0.0000         1.7600         4.0000
    2. H2                    1        38.0000         2.9200         0.0000         0.7900       280.0000
    3. CH4                   2       141.4000         3.7460         0.0000         2.6000        13.0000
    4. C2H2                  1       209.0000         4.1000         0.0000         0.0000         2.5000
    5. C2H4                  2       280.8000         3.9710         0.0000         0.0000         1.5000
    6. C2H6                  2       252.3000         4.3020         0.0000         0.0000         1.5000
    7. C3H2                  2       209.0000         4.1000         0.0000         0.0000         1.0000
    8. AC3H4                 1       252.0000         4.7600         0.0000         0.0000         0.0000
    9. C3H6                  2       307.8000         4.1400         0.0000         0.0000         1.0000
   10. C3H8                  2       303.4000         4.8100         0.0000         0.0000         1.0000
   11. CYC5H6                2       408.0000         5.2000         0.0000         0.0000         1.0000
   12. C6H6                  2       468.5000         5.2300         0.0000        10.3000         1.0000
   13. C10H8                 2       630.4000         6.1800         0.0000        16.5000         1.0000
   14. H                     0       145.0000         2.0500         0.0000         0.0000         0.0000
   15. C                     0        71.4000         3.2980         0.0000         0.0000         0.0000
   16. CH                    1        80.0000         2.7500         0.0000         0.0000         0.0000
   17. CH2S                  1       144.0000         3.8000         0.0000         0.0000         0.0000
   18. CH2                   1       144.0000         3.8000         0.0000         0.0000         0.0000
   19. CH3                   1       144.0000         3.8000         0.0000         0.0000         0.0000
   20. C2H                   1       209.0000         4.1000         0.0000         0.0000         2.5000
   21. C2H3                  2       209.0000         4.1000         0.0000         0.0000         1.0000
   22. C2H5                  2       252.3000         4.3020         0.0000         0.0000         1.5000
   23. C3H3                  2       252.0000         4.7600         0.0000         0.0000         1.0000
   24. CH2CHCH2              2       316.0000         4.2200         0.0000         0.0000         1.0000
   25. NC3H7                 2       303.4000         4.8100         0.0000         0.0000         1.0000
   26. C4H5                  2       357.0000         5.1800         0.0000         0.0000         1.0000
   27. CYC5H5                2       408.0000         5.2000         0.0000         0.0000         1.0000
   28. C6H5                  2       468.5000         5.2300         0.0000        10.3000         1.0000
   29. C4H3                  1       357.0000         5.1800         0.0000         0.0000         1.0000
   30. C4H4                  2       357.0000         5.1800         0.0000         0.0000         1.0000
   31. C7H7                  2       495.3000         5.6800         0.0000         0.0000         1.0000
   32. C7H8                  2       495.3000         5.6800         0.4300        12.3000         1.0000
   33. INDENYL               2       588.6000         5.9600         0.0000         0.0000         1.0000
   34. INDENE                2       588.6000         5.9600         0.6500         0.0000         1.0000
   35. PC3H4                 1       252.0000         4.7600         0.0000         0.0000         1.0000
   36. C6H5C2H               2       534.3000         5.7100         0.7700         0.0000         1.0000
   37. C6H5C2H3              2       546.2000         6.0000         0.1300        15.0000         1.0000
------------------------------------------------------------------------------------------------------------------


------------------------------------------------------------------------------------------------------------------
  Species                  Shape       eps/kb          sigma             mu           alfa        zRot298         
------------------------------------------------------------------------------------------------------------------
    1. N2                    1        97.5300         3.6210         0.0000         1.7600         4.0000
    2. H2                    1        38.0000         2.9200         0.0000         0.7900       280.0000
    3. CH4                   2       141.4000         3.7460         0.0000         2.6000        13.0000
    4. C2H2                  1       209.0000         4.1000         0.0000         0.0000         2.5000
    5. C2H4                  2       280.8000         3.9710         0.0000         0.0000         1.5000
    6. C2H6                  2       252.3000         4.3020         0.0000         0.0000         1.5000
    7. C3H2                  2       209.0000         4.1000         0.0000         0.0000         1.0000
    8. AC3H4                 1       252.0000         4.7600         0.0000         0.0000         0.0000
    9. C3H6                  2       307.8000         4.1400         0.0000         0.0000         1.0000
   10. C3H8                  2       303.4000         4.8100         0.0000         0.0000         1.0000
   11. CYC5H6                2       408.0000         5.2000         0.0000         0.0000         1.0000
   12. C6H6                  2       468.5000         5.2300         0.0000        10.3000         1.0000
   13. C10H8                 2       630.4000         6.1800         0.0000        16.5000         1.0000
   14. H                     0       145.0000         2.0500         0.0000         0.0000         0.0000
   15. C                     0        71.4000         3.2980         0.0000         0.0000         0.0000
   16. CH                    1        80.0000         2.7500         0.0000         0.0000         0.0000
   17. CH2S                  1       144.0000         3.8000         0.0000         0.0000         0.0000
   18. CH2                   1       144.0000         3.8000         0.0000         0.0000         0.0000
   19. CH3                   1       144.0000         3.8000         0.0000         0.0000         0.0000
   20. C2H                   1       209.0000         4.1000         0.0000         0.0000         2.5000
   21. C2H3                  2       209.0000         4.1000         0.0000         0.0000         1.0000
   22. C2H5                  2       252.3000         4.3020         0.0000         0.0000         1.5000
   23. C3H3                  2       252.0000         4.7600         0.0000         0.0000         1.0000
   24. CH2CHCH2              2       316.0000         4.2200         0.0000         0.0000         1.0000
   25. NC3H7                 2       303.4000         4.8100         0.0000         0.0000         1.0000
   26. C4H5                  2       357.0000         5.1800         0.0000         0.0000         1.0000
   27. CYC5H5                2       408.0000         5.2000         0.0000         0.0000         1.0000
   28. C6H5                  2       468.5000         5.2300         0.0000        10.3000         1.0000
   29. C4H3                  1       357.0000         5.1800         0.0000         0.0000         1.0000
   30. C4H4                  2       357.0000         5.1800         0.0000         0.0000         1.0000
   31. C7H7                  2       495.3000         5.6800         0.0000         0.0000         1.0000
   32. C7H8                  2       495.3000         5.6800         0.4300        12.3000         1.0000
   33. INDENYL               2       588.6000         5.9600         0.0000         0.0000         1.0000
   34. INDENE                2       588.6000         5.9600         0.6500         0.0000         1.0000
   35. PC3H4                 1       252.0000         4.7600         0.0000         0.0000         1.0000
   36. C6H5C2H               2       534.3000         5.7100         0.7700         0.0000         1.0000
   37. C6H5C2H3              2       546.2000         6.0000         0.1300        15.0000         1.0000
------------------------------------------------------------------------------------------------------------------


---------------------------------------------------------------------------------------
                                  CHEMICAL REACTIONS                                   

                          Units: [mol, cm3, s] and [cal/mol]                           
---------------------------------------------------------------------------------------


      1. H2 +M  = 2H +M 
         k:       2.230000e+14	    0.00      96081.00
         Third body efficiencies
         H2                  	enhanced by	   2.500


      2. H + CH3 (+M)  = CH4 (+M) 
         Fall-off (SRI)
         k0:      6.400000e+23	   -1.80          0.00
         kInf:    1.200000e+15	   -0.40          0.00
         SRI Parameters
         a  4.50e-01
         b  7.97e+02
         c  9.79e+02
         d  1.00e+00
         e  0.00e+00
         Third body efficiencies
         H2                  	enhanced by	   2.000


      3. 2CH3 (+M)  = C2H6 (+M) 
         Fall-off (Troe)
         k0:      2.330000e+34	   -5.03      -1200.00
         kInf:    2.500000e+13	    0.00          0.00
         Troe Parameters
         a    3.80e-01
         T*** 7.30e+01
         T*   1.18e+03
         T**  0.00e+00
         Third body efficiencies
         H2                  	enhanced by	   2.000


      4. H + C2H5 (+M)  = C2H6 (+M) 
         Fall-off (Troe)
         k0:      1.990000e+41	   -7.08       6685.00
         kInf:    5.210000e+17	   -0.99       1580.00
         Troe Parameters
         a    8.42e-01
         T*** 1.25e+02
         T*   2.22e+03
         T**  6.88e+03
         Third body efficiencies
         C2H6                	enhanced by	   3.000
         CH4                 	enhanced by	   2.000


      5. H + CH2CHCH2  = H2 + AC3H4 
         k:       1.810000e+13	    0.00          0.00


      6. H + CH2CHCH2 (+M)  = C3H6 (+M) 
         Fall-off (Troe)
         k0:      1.330000e+60	  -12.00       5967.80
         kInf:    1.000000e+14	    0.00          0.00
         Troe Parameters
         a    2.00e-02
         T*** 1.10e+03
         T*   1.10e+04
         T**  6.86e+03
         Third body efficiencies
         H2                  	enhanced by	   2.000
         CH4                 	enhanced by	   2.000
         C2H6                	enhanced by	   3.000


      7. CH3 + C2H5 (+M)  = C3H8 (+M) 
         Fall-off (Troe)
         k0:      6.800000e+61	  -13.42       6000.00
         kInf:    9.600000e+14	   -0.50          0.00
         Troe Parameters
         a    1.00e+00
         T*** 1.00e+03
         T*   1.43e+03
         T**  5.33e+03


      8. H + NC3H7  = C3H8 
         k:       5.000000e+13	    0.00          0.00


      9. H + C2H (+M)  = C2H2 (+M) 
         Fall-off (Troe)
         k0:      3.750000e+33	   -4.80       1900.00
         kInf:    1.000000e+17	   -1.00          0.00
         Troe Parameters
         a    6.46e-01
         T*** 1.32e+02
         T*   1.32e+03
         T**  5.57e+03
         Third body efficiencies
         H2                  	enhanced by	   2.000
         CH4                 	enhanced by	   2.000
         C2H6                	enhanced by	   3.000


     10. C2H4 (+M)  = H2 + C2H2 (+M) 
         Fall-off (Troe)
         k0:      1.580000e+51	   -9.30      97800.00
         kInf:    8.000000e+12	    0.44      88770.00
         Troe Parameters
         a    7.35e-01
         T*** 1.80e+02
         T*   1.04e+03
         T**  5.42e+03
         Third body efficiencies
         H2                  	enhanced by	   2.000
         CH4                 	enhanced by	   2.000
         C2H6                	enhanced by	   3.000


     11. H + C2H3 (+M)  = C2H4 (+M) 
         Fall-off (Troe)
         k0:      1.400000e+30	   -3.86       3320.00
         kInf:    6.080000e+12	    0.27        280.00
         Troe Parameters
         a    7.82e-01
         T*** 2.08e+02
         T*   2.66e+03
         T**  6.10e+03
         Third body efficiencies
         H2                  	enhanced by	   2.000
         CH4                 	enhanced by	   2.000
         C2H6                	enhanced by	   3.000


     12. H + C3H3 (+M)  = AC3H4 (+M) 
         Fall-off (Troe)
         k0:      3.500000e+33	   -4.90       2225.00
         kInf:    1.000000e+17	   -0.80        315.00
         Troe Parameters
         a    7.09e-01
         T*** 1.34e+02
         T*   1.78e+03
         T**  5.74e+03
         Third body efficiencies
         H2                  	enhanced by	   2.900
         CH4                 	enhanced by	   2.900
         C2H6                	enhanced by	   4.300


     13. CH3 + C2H3 (+M)  = C3H6 (+M) 
         Fall-off (Troe)
         k0:      4.270000e+58	  -11.94       9770.00
         kInf:    2.500000e+13	    0.00          0.00
         Troe Parameters
         a    1.75e-01
         T*** 1.34e+03
         T*   6.00e+04
         T**  1.01e+04
         Third body efficiencies
         H2                  	enhanced by	   2.000
         CH4                 	enhanced by	   2.000
         C2H6                	enhanced by	   3.000


     14. C2H2 + C2H3 +M  = C4H5 +M 
         k:       7.630000e+40	   -7.76      12000.00


     15. H2 + C2H2  = H + C2H3 
         k:       2.000000e+13	    0.00      65000.00


     16. H2 + C2H4  = H + C2H5 
         k:       1.000000e+14	    0.00      65000.00


     17. 2CH3  => H2 + C2H4 
         k:       5.000000e+14	    0.00      32000.00


     18. CH3 + C2H3  = CH4 + C2H2 
         k:       1.333000e+13	    0.00          0.00


     19. CH4 + C2H4  => CH3 + C2H5 
         k:       3.000000e+13	    0.00      62000.00


     20. 2C2H2  = C2H + C2H3 
         k:       1.700000e+14	    0.00      92000.00


     21. C2H2 + C2H4  = 2C2H3 
         k:       2.400000e+13	    0.00      68360.00


     22. H + C4H5  = C2H2 + C2H4 
         k:       1.000000e+13	    0.00          0.00


     23. C2H2 + AC3H4  = C2H + CH2CHCH2 
         k:       5.000000e+14	    0.00      73000.00


     24. C2H2 + C2H6  = C2H3 + C2H5 
         k:       2.000000e+14	    0.00      60000.00


     25. C2H2 + C3H6  = C2H3 + CH2CHCH2 
         k:       4.000000e+13	    0.00      46800.00


     26. 2C2H4  = C2H3 + C2H5 
         k:       4.800000e+14	    0.00      71500.00


     27. C2H4 + C3H6  = C2H5 + CH2CHCH2 
         k:       5.780000e+13	    0.00      51600.00


     28. 2CH2CHCH2  => AC3H4 + C3H6 
         k:       2.500000e+10	    0.00          0.00


     29. C2H2 + H (+M)  = C2H3 (+M) 
         Fall-off (Troe)
         k0:      2.290000e+16	    0.00       -560.00
         kInf:    5.880000e+12	    0.00       2770.00
         Troe Parameters
         a    5.00e-01
         T*** 6.75e+02
         T*   6.75e+02
         T**  1.00e+30
         Third body efficiencies
         H2                  	enhanced by	   2.000


     30. C2H4 + H (+M)  = C2H5 (+M) 
         Fall-off (Troe)
         k0:      4.600000e+18	    0.00       1070.00
         kInf:    1.770000e+13	    0.00       2110.00
         Troe Parameters
         a    1.00e+00
         T*** 1.00e-15
         T*   9.50e+01
         T**  2.00e+02
         Third body efficiencies
         H2                  	enhanced by	   2.000


     31. C3H3  = C3H2 + H 
         k:       1.000000e+13	    0.00      79000.00


     32. AC3H4 + H (+M)  = CH2CHCH2 (+M) 
         Fall-off (Lindemann)
         k0:      5.660000e+33	   -5.00       4448.00
         kInf:    1.200000e+11	    0.69       3007.00


     33. NC3H7  = C2H4 + CH3 
         k:       1.000000e+13	    0.00      32000.00


     34. NC3H7  = C3H6 + H 
         k:       1.000000e+13	    0.00      39500.00


     35. C4H5  = C2H4 + C2H 
         k:       2.000000e+12	    0.00      60000.00


     36. 2CH3  = H + C2H5 
         k:       1.400000e+14	    0.00      14000.00


     37. CH3 + C2H3  = H + CH2CHCH2 
         k:       5.000000e+01	    3.70       5677.00


     38. CH4 + CH3  => C2H6 + H 
         k:       2.500000e+13	    0.00      31000.00


     39. C2H4 + NC3H7  => C3H6 + C2H5 
         k:       2.000000e+11	    0.00       7600.00


     40. C2H6  = H2 + C2H4 
         k:       3.000000e+13	    0.00      71500.00


     41. C3H6  = H2 + AC3H4 
         k:       1.800000e+13	    0.00      78000.00


     42. C3H8  = H2 + C3H6 
         k:       5.000000e+13	    0.00      70000.00


     43. CH4 + CH2  = 2CH3 
         k:       4.300000e+12	    0.00      10034.00


     44. CH4 + CH2S  = 2CH3 
         k:       4.300000e+13	    0.00          0.00


     45. CH4 + CH  = C2H4 + H 
         k:       6.000000e+13	    0.00          0.00


     46. CH3 +M  = H + CH2 +M 
         k:       1.000000e+16	    0.00      90600.00


     47. H2 + CH2S  = H + CH3 
         k:       7.200000e+13	    0.00          0.00


     48. CH2 + CH3  = C2H4 + H 
         k:       4.200000e+13	    0.00          0.00


     49. CH2S + CH3  = C2H4 + H 
         k:       2.000000e+13	    0.00          0.00


     50. CH + CH3  = H + C2H3 
         k:       3.000000e+13	    0.00          0.00


     51. C + CH3  = C2H2 + H 
         k:       5.000000e+13	    0.00          0.00


     52. H + CH2  = H2 + CH 
         k:       1.750000e+14	    0.00       -165.00


     53. 2CH2  = C2H2 + 2H 
         k:       1.200000e+14	    0.00          0.00


     54. CH + CH2  = C2H2 + H 
         k:       4.000000e+13	    0.00          0.00


     55. C + CH2  = H + C2H 
         k:       5.000000e+13	    0.00          0.00


     56. CH2S +M  = CH2 +M 
         k:       1.000000e+13	    0.00          0.00
         Third body efficiencies
         H                   	enhanced by	  20.000
         C2H2                	enhanced by	   4.000


     57. H + CH2S  = H2 + CH 
         k:       3.000000e+13	    0.00          0.00


     58. H + CH  = H2 + C 
         k:       1.500000e+14	    0.00          0.00


     59. C2H2 + CH2  = H + C3H3 
         k:       1.200000e+13	    0.00       6600.00


     60. C2H2 + CH2S  = H + C3H3 
         k:       6.000000e+13	    0.00          0.00


     61. C2H2 + CH  = C3H2 + H 
         k:       8.400000e+13	    0.00          0.00


     62. H + C3H3  = H2 + C3H2 
         k:       1.500000e+13	    0.00       3000.00


     63. C3H6 + H  = H2 + CH2CHCH2 
         k:       1.000000e+07	    2.00       4200.00


     64. AC3H4 + H  = H2 + C3H3 
         k:       5.000000e+07	    2.00       5000.00


     65. AC3H4 + CH3  = CH4 + C3H3 
         k:       4.000000e+13	    0.00      16000.00


     66. CH4 + H  = H2 + CH3 
         k:       3.000000e+07	    2.00      10000.00


     67. C2H6 + H  = H2 + C2H5 
         k:       1.430000e+14	    0.00      10500.00


     68. C3H8 + H  = H2 + NC3H7 
         k:       1.270000e+14	    0.00      10500.00


     69. H2 + C2H  = C2H2 + H 
         k:       4.900000e+05	    2.50        560.00


     70. CYC5H6  = H + CYC5H5 
         k:       1.000000e+15	    0.00      81500.00


     71. C2H2 + AC3H4  = CYC5H6 
         k:       4.000000e+11	    0.00      22000.00


     72. C2H4 + C3H3  = CYC5H6 + H 
         k:       5.000000e+10	    0.00      20400.00


     73. CYC5H6 + H  => C2H2 + CH2CHCH2 
         k:       2.000000e+12	    0.00       8000.00


     74. CYC5H6 + H  => H2 + CYC5H5 
         k:       1.600000e+15	    0.00       7925.00


     75. H2 + CYC5H5  => CYC5H6 + H 
         k:       1.800000e+14	    0.00      30000.00


     76. CYC5H5  => C2H2 + C3H3 
         k:       2.000000e+12	    0.00      68000.00


     77. CYC5H6 + CYC5H5  => H2 + C10H8 + H 
         k:       3.000000e+12	    0.00      23000.00


     78. CYC5H6 + CYC5H5  => C6H6 + C4H5 
         k:       2.000000e+13	    0.00      29000.00


     79. C6H6 + CYC5H5  => C10H8 + CH3 
         k:       3.000000e+12	    0.00      23000.00


     80. CH3 + CYC5H5  => C2H3 + C4H5 
         k:       1.000000e+12	    0.00       3000.00


     81. 2CYC5H5  => C10H8 + 2H 
         k:       1.000000e+12	    0.00       6000.00


     82. AC3H4 + C2H3  => CYC5H6 + H 
         k:       5.000000e+11	    0.00       3000.00


     83. C4H5 + CYC5H5  => AC3H4 + C6H6 
         k:       2.000000e+12	    0.00       3000.00


     84. CYC5H6 + C4H5  => C6H6 + CH2CHCH2 
         k:       1.000000e+12	    0.00       5000.00


     85. C6H6  = H + C6H5 
         k:       1.500000e+17	    0.00     114000.00


     86. C2H + C4H5  => C6H6 
         k:       1.000000e+13	    0.00          0.00


     87. 2C3H3 (+M)  = C6H6 (+M) 
         Fall-off (Lindemann)
         k0:      5.000000e+17	    0.00          0.00
         kInf:    3.000000e+12	    0.00          0.00


     88. 2C3H3  = H + C6H5 
         k:       3.000000e+12	    0.00          0.00


     89. C2H4 + CYC5H6  => C6H6 + H + CH3 
         k:       3.000000e+11	    0.00      30000.00


     90. C3H6 + CYC5H6  => C6H6 + 2CH3 
         k:       3.000000e+11	    0.00      30000.00


     91. CYC5H6 + C6H6  => C10H8 + H + CH3 
         k:       5.000000e+11	    0.00      30000.00


     92. AC3H4 + C3H3  => C6H6 + H 
         k:       1.000000e+13	    0.00      18000.00


     93. AC3H4 + CH2CHCH2  => H2 + C6H6 + H 
         k:       2.000000e+12	    0.00      16500.00


     94. C2H2 + C4H5  = C6H6 + H 
         k:       5.000000e+11	    0.00       5000.00


     95. C2H4 + C4H5  => H2 + C6H6 + H 
         k:       3.000000e+11	    0.00       7000.00


     96. AC3H4 + C4H5  => C6H6 + CH3 
         k:       2.500000e+11	    0.00       5000.00


     97. C6H6 + C4H5  => H2 + C10H8 + H 
         k:       5.000000e+11	    0.00       5000.00


     98. 2C4H5  = C2H4 + C6H6 
         k:       2.000000e+12	    0.00          0.00


     99. C6H6 + H  = H2 + C6H5 
         k:       1.500000e+14	    0.00      10000.00


    100. C4H5 + C6H5  => C10H8 + 2H 
         k:       5.000000e+12	    0.00       1000.00


    101. CYC5H6 + C6H5  => C10H8 + CH3 
         k:       1.000000e+12	    0.00       8000.00


    102. H2 + C2H3  => C2H4 + H 
         k:       9.496000e+05	    2.00       8459.77


    103. CH4 + C2H5  => C2H6 + CH3 
         k:       1.609000e+05	    2.00      14621.99


    104. CH4 + CH2CHCH2  => C3H6 + CH3 
         k:       1.685000e+05	    2.00      23467.33


    105. CH4 + NC3H7  => C3H8 + CH3 
         k:       9.473000e+04	    2.00      13415.67


    106. CH4 + C2H3  => C2H4 + CH3 
         k:       4.748000e+05	    2.00      11093.60


    107. CH4 + C6H5  => C6H6 + CH3 
         k:       9.473000e+04	    2.00       4854.35


    108. C2H2 + CH3  => CH4 + C2H 
         k:       7.806000e+04	    2.00      11601.78


    109. C2H2 + C2H5  => C2H6 + C2H 
         k:       4.597000e+04	    2.00      14929.22


    110. C2H2 + CH2CHCH2  => C3H6 + C2H 
         k:       4.813000e+04	    2.00      23677.56


    111. C2H2 + NC3H7  => C3H8 + C2H 
         k:       2.707000e+04	    2.00      13714.93


    112. C2H2 + C2H3  => C2H4 + C2H 
         k:       1.357000e+05	    2.00      11601.78


    113. C2H2 + C3H3  => AC3H4 + C2H 
         k:       5.401000e+04	    2.00      23085.73


    114. C2H2 + C6H5  => C6H6 + C2H 
         k:       2.707000e+04	    2.00       5307.08


    115. C2H4 + H  => H2 + C2H3 
         k:       1.925000e+07	    2.00      10409.77


    116. C2H4 + CH3  => CH4 + C2H3 
         k:       3.122000e+05	    2.00      11393.60


    117. C2H4 + C2H5  => C2H6 + C2H3 
         k:       1.839000e+05	    2.00      14929.22


    118. C2H4 + CH2CHCH2  => C3H6 + C2H3 
         k:       1.925000e+05	    2.00      23823.28


    119. C2H4 + NC3H7  => C3H8 + C2H3 
         k:       1.083000e+05	    2.00      13714.93


    120. C2H4 + C3H3  => AC3H4 + C2H3 
         k:       2.160000e+05	    2.00      22861.94


    121. C2H4 + C6H5  => C6H6 + C2H3 
         k:       1.083000e+05	    2.00       5083.29


    122. C2H6 + CH3  => CH4 + C2H5 
         k:       3.513000e+05	    2.00       7621.99


    123. C2H6 + CH2CHCH2  => C3H6 + C2H5 
         k:       2.166000e+05	    2.00      18508.07


    124. C2H6 + NC3H7  => C3H8 + C2H5 
         k:       1.218000e+05	    2.00       9425.57


    125. C2H6 + C2H3  => C2H4 + C2H5 
         k:       6.105000e+05	    2.00       7629.22


    126. C2H6 + C3H3  => AC3H4 + C2H5 
         k:       2.430000e+05	    2.00      18129.22


    127. C2H6 + C6H5  => C6H6 + C2H5 
         k:       1.218000e+05	    2.00       2129.22


    128. C3H6 + CH3  => CH4 + CH2CHCH2 
         k:       1.171000e+05	    2.00       5617.33


    129. C3H6 + C2H5  => C2H6 + CH2CHCH2 
         k:       6.895000e+04	    2.00       7658.07


    130. C3H6 + NC3H7  => C3H8 + CH2CHCH2 
         k:       4.060000e+04	    2.00       6632.50


    131. C3H6 + C2H3  => C2H4 + CH2CHCH2 
         k:       2.035000e+05	    2.00       5673.28


    132. C3H6 + C3H3  => AC3H4 + CH2CHCH2 
         k:       8.101000e+04	    2.00      15532.56


    133. C3H6 + C6H5  => C6H6 + CH2CHCH2 
         k:       4.060000e+04	    2.00        690.76


    134. C3H8 + CH3  => CH4 + NC3H7 
         k:       3.122000e+05	    2.00       7515.67


    135. C3H8 + C2H5  => C2H6 + NC3H7 
         k:       1.839000e+05	    2.00      10525.57


    136. C3H8 + CH2CHCH2  => C3H6 + NC3H7 
         k:       1.925000e+05	    2.00      18582.50


    137. C3H8 + C2H3  => C2H4 + NC3H7 
         k:       5.426000e+05	    2.00       7514.93


    138. C3H8 + C3H3  => AC3H4 + NC3H7 
         k:       2.160000e+05	    2.00      18014.93


    139. C3H8 + C6H5  => C6H6 + NC3H7 
         k:       1.083000e+05	    2.00       2014.93


    140. AC3H4 + C2H5  => C2H6 + C3H3 
         k:       1.379000e+06	    2.00      14929.22


    141. AC3H4 + CH2CHCH2  => C3H6 + C3H3 
         k:       1.444000e+06	    2.00      23182.56


    142. AC3H4 + NC3H7  => C3H8 + C3H3 
         k:       8.120000e+05	    2.00      13714.93


    143. AC3H4 + C2H3  => C2H4 + C3H3 
         k:       4.070000e+06	    2.00      12361.94


    144. AC3H4 + C6H5  => C6H6 + C3H3 
         k:       8.120000e+05	    2.00       6067.25


    145. CYC5H6 + CH3  => CH4 + CYC5H5 
         k:       3.903000e+05	    2.00       4871.29


    146. CYC5H6 + C2H5  => C2H6 + CYC5H5 
         k:       2.298000e+05	    2.00       7658.07


    147. CYC5H6 + CH2CHCH2  => C3H6 + CYC5H5 
         k:       2.407000e+05	    2.00      15253.34


    148. CYC5H6 + NC3H7  => C3H8 + CYC5H5 
         k:       1.353000e+05	    2.00       6632.50


    149. CYC5H6 + C2H3  => C2H4 + CYC5H5 
         k:       6.783000e+05	    2.00       4871.29


    150. CYC5H6 + C3H3  => AC3H4 + CYC5H5 
         k:       2.700000e+05	    2.00      14730.58


    151. CYC5H6 + C6H5  => C6H6 + CYC5H5 
         k:       1.353000e+05	    2.00       -111.23


    152. C6H6 + CH3  => CH4 + C6H5 
         k:       6.245000e+05	    2.00      10654.35


    153. C6H6 + C2H5  => C2H6 + C6H5 
         k:       3.677000e+05	    2.00      14929.22


    154. C6H6 + CH2CHCH2  => C3H6 + C6H5 
         k:       3.851000e+05	    2.00      24340.76


    155. C6H6 + NC3H7  => C3H8 + C6H5 
         k:       2.165000e+05	    2.00      13714.93


    156. C6H6 + C2H3  => C2H4 + C6H5 
         k:       1.085000e+06	    2.00      10583.29


    157. C6H6 + C3H3  => AC3H4 + C6H5 
         k:       4.320000e+05	    2.00      22067.25


