------------------------------
  Elements     Atomic Weight  
------------------------------
  1.	C         12.01099968
  2.	H          1.00800002
  3.	N         14.00699997
------------------------------


------------------------------------------------------------------------------------------------------
                                                Molecular        Temperature        Elements
  Species                  Phase  Charge         weight         Low      High       C       H       N
------------------------------------------------------------------------------------------------------
    1. H2                    G      0            2.016000    300.00   4000.00       0       2       0
    2. CH4                   G      0           16.043000    300.00   4000.00       1       4       0
    3. C2H2                  G      0           26.037999    300.00   4000.00       2       2       0
    4. C2H4                  G      0           28.053999    300.00   4000.00       2       4       0
    5. C2H6                  G      0           30.069999    300.00   4000.00       2       6       0
    6. C3H2                  G      0           38.048999    300.00   4000.00       3       2       0
    7. PC3H4                 G      0           40.064999    300.00   4000.00       3       4       0
    8. AC3H4                 G      0           40.064999    300.00   4000.00       3       4       0
    9. C3H6                  G      0           42.080999    300.00   4000.00       3       6       0
   10. C3H8                  G      0           44.096999    300.00   4000.00       3       8       0
   11. C4H2                  G      0           50.059999    300.00   4000.00       4       2       0
   12. C4H4                  G      0           52.075999    300.00   4000.00       4       4       0
   13. C4H6                  G      0           54.091999    300.00   4000.00       4       6       0
   14. IC4H8                 G      0           56.107999    300.00   4000.00       4       8       0
   15. NC4H8                 G      0           56.107999    300.00   4000.00       4       8       0
   16. CYC5H6                G      0           66.102998    300.00   4000.00       5       6       0
   17. C6H6                  G      0           78.113998    300.00   4000.00       6       6       0
   18. MCPTD                 G      0           80.129998    300.00   4000.00       6       8       0
   19. C10H8                 G      0          128.173997    300.00   4000.00      10       8       0
   20. H                     G      0            1.008000    300.00   4000.00       0       1       0
   21. C                     G      0           12.011000    300.00   4000.00       1       0       0
   22. CH                    G      0           13.019000    300.00   4000.00       1       1       0
   23. CH2                   G      0           14.027000    300.00   4000.00       1       2       0
   24. CH2S                  G      0           14.027000    300.00   4000.00       1       2       0
   25. CH3                   G      0           15.035000    300.00   4000.00       1       3       0
   26. C2H                   G      0           25.029999    300.00   4000.00       2       1       0
   27. C2H3                  G      0           27.045999    300.00   4000.00       2       3       0
   28. C2H5                  G      0           29.061999    300.00   4000.00       2       5       0
   29. C3H3                  G      0           39.056999    300.00   4000.00       3       3       0
   30. CH2CHCH2              G      0           41.072999    300.00   4000.00       3       5       0
   31. CH2CCH3               G      0           41.072999    300.00   4000.00       3       5       0
   32. CHCHCH3               G      0           41.072999    300.00   4000.00       3       5       0
   33. NC3H7                 G      0           43.088999    300.00   4000.00       3       7       0
   34. IC3H7                 G      0           43.088999    300.00   4000.00       3       7       0
   35. C4H3                  G      0           51.067999    300.00   4000.00       4       3       0
   36. C4H5                  G      0           53.083999    300.00   4000.00       4       5       0
   37. SC4H7                 G      0           55.099999    300.00   4000.00       4       7       0
   38. IC4H7                 G      0           55.099999    300.00   4000.00       4       7       0
   39. CH2C3H5               G      0           55.099999    300.00   4000.00       4       7       0
   40. CYC5H5                G      0           65.094998    300.00   4000.00       5       5       0
   41. C6H5                  G      0           77.105998    300.00   4000.00       6       5       0
   42. C7H7                  G      0           91.132998    300.00   4000.00       7       7       0
   43. C7H8                  G      0           92.140998    300.00   4000.00       7       8       0
   44. INDENYL               G      0          115.154997    300.00   4000.00       9       7       0
   45. INDENE                G      0          116.162997    300.00   4000.00       9       8       0
   46. C6H5C2H               G      0          102.135998    300.00   4000.00       8       6       0
   47. C6H5C2H3              G      0          104.151998    300.00   4000.00       8       8       0
   48. N2                    G      0           28.014000    300.00   4000.00       0       0       2
------------------------------------------------------------------------------------------------------

------------------------------------------------------------------------------------------------------
                                                Molecular        Temperature        Elements
  Species                  Phase  Charge         weight         Low      High       C       H       N
------------------------------------------------------------------------------------------------------
   48. N2                    G      0           28.014000    300.00   4000.00       0       0       2
   20. H                     G      0            1.008000    300.00   4000.00       0       1       0
    1. H2                    G      0            2.016000    300.00   4000.00       0       2       0
   21. C                     G      0           12.011000    300.00   4000.00       1       0       0
    2. CH4                   G      0           16.043000    300.00   4000.00       1       4       0
   25. CH3                   G      0           15.035000    300.00   4000.00       1       3       0
   24. CH2S                  G      0           14.027000    300.00   4000.00       1       2       0
   23. CH2                   G      0           14.027000    300.00   4000.00       1       2       0
   22. CH                    G      0           13.019000    300.00   4000.00       1       1       0
    3. C2H2                  G      0           26.037999    300.00   4000.00       2       2       0
   27. C2H3                  G      0           27.045999    300.00   4000.00       2       3       0
   26. C2H                   G      0           25.029999    300.00   4000.00       2       1       0
    5. C2H6                  G      0           30.069999    300.00   4000.00       2       6       0
    4. C2H4                  G      0           28.053999    300.00   4000.00       2       4       0
   28. C2H5                  G      0           29.061999    300.00   4000.00       2       5       0
   10. C3H8                  G      0           44.096999    300.00   4000.00       3       8       0
   34. IC3H7                 G      0           43.088999    300.00   4000.00       3       7       0
   33. NC3H7                 G      0           43.088999    300.00   4000.00       3       7       0
    9. C3H6                  G      0           42.080999    300.00   4000.00       3       6       0
   32. CHCHCH3               G      0           41.072999    300.00   4000.00       3       5       0
   30. CH2CHCH2              G      0           41.072999    300.00   4000.00       3       5       0
   31. CH2CCH3               G      0           41.072999    300.00   4000.00       3       5       0
    7. PC3H4                 G      0           40.064999    300.00   4000.00       3       4       0
    8. AC3H4                 G      0           40.064999    300.00   4000.00       3       4       0
    6. C3H2                  G      0           38.048999    300.00   4000.00       3       2       0
   29. C3H3                  G      0           39.056999    300.00   4000.00       3       3       0
   36. C4H5                  G      0           53.083999    300.00   4000.00       4       5       0
   11. C4H2                  G      0           50.059999    300.00   4000.00       4       2       0
   15. NC4H8                 G      0           56.107999    300.00   4000.00       4       8       0
   14. IC4H8                 G      0           56.107999    300.00   4000.00       4       8       0
   35. C4H3                  G      0           51.067999    300.00   4000.00       4       3       0
   38. IC4H7                 G      0           55.099999    300.00   4000.00       4       7       0
   39. CH2C3H5               G      0           55.099999    300.00   4000.00       4       7       0
   37. SC4H7                 G      0           55.099999    300.00   4000.00       4       7       0
   13. C4H6                  G      0           54.091999    300.00   4000.00       4       6       0
   12. C4H4                  G      0           52.075999    300.00   4000.00       4       4       0
   16. CYC5H6                G      0           66.102998    300.00   4000.00       5       6       0
   40. CYC5H5                G      0           65.094998    300.00   4000.00       5       5       0
   17. C6H6                  G      0           78.113998    300.00   4000.00       6       6       0
   41. C6H5                  G      0           77.105998    300.00   4000.00       6       5       0
   18. MCPTD                 G      0           80.129998    300.00   4000.00       6       8       0
   42. C7H7                  G      0           91.132998    300.00   4000.00       7       7       0
   43. C7H8                  G      0           92.140998    300.00   4000.00       7       8       0
   46. C6H5C2H               G      0          102.135998    300.00   4000.00       8       6       0
   47. C6H5C2H3              G      0          104.151998    300.00   4000.00       8       8       0
   44. INDENYL               G      0          115.154997    300.00   4000.00       9       7       0
   45. INDENE                G      0          116.162997    300.00   4000.00       9       8       0
   19. C10H8                 G      0          128.173997    300.00   4000.00      10       8       0
------------------------------------------------------------------------------------------------------

------------------------------------------------------------------------------------------------------------------
  Species                  Shape       eps/kb          sigma             mu           alfa        zRot298         
------------------------------------------------------------------------------------------------------------------
    1. H2                    1        38.0000         2.9200         0.0000         0.7900       280.0000
    2. CH4                   2       141.4000         3.7460         0.0000         2.6000        13.0000
    3. C2H2                  1       209.0000         4.1000         0.0000         0.0000         2.5000
    4. C2H4                  2       280.8000         3.9710         0.0000         0.0000         1.5000
    5. C2H6                  2       252.3000         4.3020         0.0000         0.0000         1.5000
    6. C3H2                  2       209.0000         4.1000         0.0000         0.0000         1.0000
    7. PC3H4                 1       252.0000         4.7600         0.0000         0.0000         1.0000
    8. AC3H4                 1       252.0000         4.7600         0.0000         0.0000         0.0000
    9. C3H6                  2       307.8000         4.1400         0.0000         0.0000         1.0000
   10. C3H8                  2       303.4000         4.8100         0.0000         0.0000         1.0000
   11. C4H2                  1       357.0000         5.1800         0.0000         0.0000         1.0000
   12. C4H4                  2       357.0000         5.1800         0.0000         0.0000         1.0000
   13. C4H6                  2       357.0000         5.1800         0.0000         0.0000         1.0000
   14. IC4H8                 2       355.0000         4.6500         0.0000         0.0000         1.0000
   15. NC4H8                 2       355.0000         4.6500         0.0000         0.0000         1.0000
   16. CYC5H6                2       408.0000         5.2000         0.0000         0.0000         1.0000
   17. C6H6                  2       468.5000         5.2300         0.0000        10.3000         1.0000
   18. MCPTD                 2       408.0000         5.2000         0.0000         0.0000         1.0000
   19. C10H8                 2       630.4000         6.1800         0.0000        16.5000         1.0000
   20. H                     0       145.0000         2.0500         0.0000         0.0000         0.0000
   21. C                     0        71.4000         3.2980         0.0000         0.0000         0.0000
   22. CH                    1        80.0000         2.7500         0.0000         0.0000         0.0000
   23. CH2                   1       144.0000         3.8000         0.0000         0.0000         0.0000
   24. CH2S                  1       144.0000         3.8000         0.0000         0.0000         0.0000
   25. CH3                   1       144.0000         3.8000         0.0000         0.0000         0.0000
   26. C2H                   1       209.0000         4.1000         0.0000         0.0000         2.5000
   27. C2H3                  2       209.0000         4.1000         0.0000         0.0000         1.0000
   28. C2H5                  2       252.3000         4.3020         0.0000         0.0000         1.5000
   29. C3H3                  2       252.0000         4.7600         0.0000         0.0000         1.0000
   30. CH2CHCH2              2       316.0000         4.2200         0.0000         0.0000         1.0000
   31. CH2CCH3               2       316.0000         4.2200         0.0000         0.0000         1.0000
   32. CHCHCH3               2       316.0000         4.2200         0.0000         0.0000         1.0000
   33. NC3H7                 2       303.4000         4.8100         0.0000         0.0000         1.0000
   34. IC3H7                 2       303.4000         4.8100         0.0000         0.0000         1.0000
   35. C4H3                  1       357.0000         5.1800         0.0000         0.0000         1.0000
   36. C4H5                  2       357.0000         5.1800         0.0000         0.0000         1.0000
   37. SC4H7                 2       355.0000         4.6500         0.0000         0.0000         1.0000
   38. IC4H7                 2       355.0000         4.6500         0.0000         0.0000         1.0000
   39. CH2C3H5               2       355.0000         4.6500         0.0000         0.0000         1.0000
   40. CYC5H5                2       408.0000         5.2000         0.0000         0.0000         1.0000
   41. C6H5                  2       468.5000         5.2300         0.0000        10.3000         1.0000
   42. C7H7                  2       495.3000         5.6800         0.0000         0.0000         1.0000
   43. C7H8                  2       495.3000         5.6800         0.4300        12.3000         1.0000
   44. INDENYL               2       588.6000         5.9600         0.0000         0.0000         1.0000
   45. INDENE                2       588.6000         5.9600         0.6500         0.0000         1.0000
   46. C6H5C2H               2       534.3000         5.7100         0.7700         0.0000         1.0000
   47. C6H5C2H3              2       546.2000         6.0000         0.1300        15.0000         1.0000
   48. N2                    1        97.5300         3.6210         0.0000         1.7600         4.0000
------------------------------------------------------------------------------------------------------------------


------------------------------------------------------------------------------------------------------------------
  Species                  Shape       eps/kb          sigma             mu           alfa        zRot298         
------------------------------------------------------------------------------------------------------------------
    1. H2                    1        38.0000         2.9200         0.0000         0.7900       280.0000
    2. CH4                   2       141.4000         3.7460         0.0000         2.6000        13.0000
    3. C2H2                  1       209.0000         4.1000         0.0000         0.0000         2.5000
    4. C2H4                  2       280.8000         3.9710         0.0000         0.0000         1.5000
    5. C2H6                  2       252.3000         4.3020         0.0000         0.0000         1.5000
    6. C3H2                  2       209.0000         4.1000         0.0000         0.0000         1.0000
    7. PC3H4                 1       252.0000         4.7600         0.0000         0.0000         1.0000
    8. AC3H4                 1       252.0000         4.7600         0.0000         0.0000         0.0000
    9. C3H6                  2       307.8000         4.1400         0.0000         0.0000         1.0000
   10. C3H8                  2       303.4000         4.8100         0.0000         0.0000         1.0000
   11. C4H2                  1       357.0000         5.1800         0.0000         0.0000         1.0000
   12. C4H4                  2       357.0000         5.1800         0.0000         0.0000         1.0000
   13. C4H6                  2       357.0000         5.1800         0.0000         0.0000         1.0000
   14. IC4H8                 2       355.0000         4.6500         0.0000         0.0000         1.0000
   15. NC4H8                 2       355.0000         4.6500         0.0000         0.0000         1.0000
   16. CYC5H6                2       408.0000         5.2000         0.0000         0.0000         1.0000
   17. C6H6                  2       468.5000         5.2300         0.0000        10.3000         1.0000
   18. MCPTD                 2       408.0000         5.2000         0.0000         0.0000         1.0000
   19. C10H8                 2       630.4000         6.1800         0.0000        16.5000         1.0000
   20. H                     0       145.0000         2.0500         0.0000         0.0000         0.0000
   21. C                     0        71.4000         3.2980         0.0000         0.0000         0.0000
   22. CH                    1        80.0000         2.7500         0.0000         0.0000         0.0000
   23. CH2                   1       144.0000         3.8000         0.0000         0.0000         0.0000
   24. CH2S                  1       144.0000         3.8000         0.0000         0.0000         0.0000
   25. CH3                   1       144.0000         3.8000         0.0000         0.0000         0.0000
   26. C2H                   1       209.0000         4.1000         0.0000         0.0000         2.5000
   27. C2H3                  2       209.0000         4.1000         0.0000         0.0000         1.0000
   28. C2H5                  2       252.3000         4.3020         0.0000         0.0000         1.5000
   29. C3H3                  2       252.0000         4.7600         0.0000         0.0000         1.0000
   30. CH2CHCH2              2       316.0000         4.2200         0.0000         0.0000         1.0000
   31. CH2CCH3               2       316.0000         4.2200         0.0000         0.0000         1.0000
   32. CHCHCH3               2       316.0000         4.2200         0.0000         0.0000         1.0000
   33. NC3H7                 2       303.4000         4.8100         0.0000         0.0000         1.0000
   34. IC3H7                 2       303.4000         4.8100         0.0000         0.0000         1.0000
   35. C4H3                  1       357.0000         5.1800         0.0000         0.0000         1.0000
   36. C4H5                  2       357.0000         5.1800         0.0000         0.0000         1.0000
   37. SC4H7                 2       355.0000         4.6500         0.0000         0.0000         1.0000
   38. IC4H7                 2       355.0000         4.6500         0.0000         0.0000         1.0000
   39. CH2C3H5               2       355.0000         4.6500         0.0000         0.0000         1.0000
   40. CYC5H5                2       408.0000         5.2000         0.0000         0.0000         1.0000
   41. C6H5                  2       468.5000         5.2300         0.0000        10.3000         1.0000
   42. C7H7                  2       495.3000         5.6800         0.0000         0.0000         1.0000
   43. C7H8                  2       495.3000         5.6800         0.4300        12.3000         1.0000
   44. INDENYL               2       588.6000         5.9600         0.0000         0.0000         1.0000
   45. INDENE                2       588.6000         5.9600         0.6500         0.0000         1.0000
   46. C6H5C2H               2       534.3000         5.7100         0.7700         0.0000         1.0000
   47. C6H5C2H3              2       546.2000         6.0000         0.1300        15.0000         1.0000
   48. N2                    1        97.5300         3.6210         0.0000         1.7600         4.0000
------------------------------------------------------------------------------------------------------------------


---------------------------------------------------------------------------------------
                                  CHEMICAL REACTIONS                                   

                          Units: [mol, cm3, s] and [cal/mol]                           
---------------------------------------------------------------------------------------


      1. C3H6 + H  = C2H4 + CH3 
         k:       1.600000e+17	   -1.05       6461.00
         Pressure Logarithmic Interpolation
         1	1.000000e-01	1.600000e+17	   -1.05       6461.00
         2	1.000000e+00	8.000000e+21	   -2.39      11180.00
         3	1.000000e+01	3.300000e+24	   -3.04      15610.00


      2. CH4 + CH3  = C2H6 + H 
         k:       5.000000e+13	    0.00      40000.00


      3. H2 +M  = 2H +M 
         k:       1.115000e+14	    0.00      96081.00
         Third body efficiencies
         H2                  	enhanced by	   2.500


      4. H + CH3 (+M)  = CH4 (+M) 
         Fall-off (SRI)
         k0:      3.000000e+23	   -1.80          0.00
         kInf:    1.200000e+15	   -0.40          0.00
         SRI Parameters
         a  4.50e-01
         b  7.97e+02
         c  9.79e+02
         d  1.00e+00
         e  0.00e+00
         Third body efficiencies
         H2                  	enhanced by	   2.000


      5. 2CH3 (+M)  = C2H6 (+M) 
         Fall-off (Troe)
         k0:      2.330000e+34	   -5.03      -1200.00
         kInf:    2.500000e+13	    0.00          0.00
         Troe Parameters
         a    3.80e-01
         T*** 7.30e+01
         T*   1.18e+03
         T**  0.00e+00
         Third body efficiencies
         H2                  	enhanced by	   2.000


      6. H + C2H5 (+M)  = C2H6 (+M) 
         Fall-off (Troe)
         k0:      1.990000e+41	   -7.08       6685.00
         kInf:    5.210000e+17	   -0.99       1580.00
         Troe Parameters
         a    8.42e-01
         T*** 1.25e+02
         T*   2.22e+03
         T**  6.88e+03
         Third body efficiencies
         C2H6                	enhanced by	   3.000
         CH4                 	enhanced by	   2.000


      7. H + CH2CHCH2  = H2 + AC3H4 
         k:       1.810000e+13	    0.00          0.00


      8. H + CH2CHCH2 (+M)  = C3H6 (+M) 
         Fall-off (Troe)
         k0:      1.330000e+60	  -12.00       5967.80
         kInf:    1.000000e+14	    0.00          0.00
         Troe Parameters
         a    2.00e-02
         T*** 1.10e+03
         T*   1.10e+03
         T**  6.86e+03
         Third body efficiencies
         H2                  	enhanced by	   2.000
         CH4                 	enhanced by	   2.000
         C2H6                	enhanced by	   3.000


      9. CH3 + C2H5 (+M)  = C3H8 (+M) 
         Fall-off (Troe)
         k0:      6.800000e+61	  -13.42       6000.00
         kInf:    9.600000e+14	   -0.50          0.00
         Troe Parameters
         a    1.00e+00
         T*** 1.00e+03
         T*   1.43e+03
         T**  5.33e+03


     10. H + NC3H7  = C3H8 
         k:       5.000000e+13	    0.00          0.00


     11. H + IC3H7 (+M)  = C3H8 (+M) 
         Fall-off (Troe)
         k0:      1.700000e+58	  -12.08      11263.70
         kInf:    2.400000e+13	    0.00          0.00
         Troe Parameters
         a    6.49e-01
         T*** 1.21e+03
         T*   1.21e+03
         T**  1.34e+04
         Third body efficiencies
         H2                  	enhanced by	   2.000
         CH4                 	enhanced by	   2.000
         C2H6                	enhanced by	   3.000


     12. H + C2H (+M)  = C2H2 (+M) 
         Fall-off (Troe)
         k0:      3.750000e+33	   -4.80       1900.00
         kInf:    1.000000e+17	   -1.00          0.00
         Troe Parameters
         a    6.46e-01
         T*** 1.32e+02
         T*   1.32e+03
         T**  5.57e+03
         Third body efficiencies
         H2                  	enhanced by	   2.000
         CH4                 	enhanced by	   2.000
         C2H6                	enhanced by	   3.000


     13. C2H4 (+M)  = H2 + C2H2 (+M) 
         Fall-off (Troe)
         k0:      1.580000e+51	   -9.30      97800.00
         kInf:    8.000000e+12	    0.44      88770.00
         Troe Parameters
         a    7.35e-01
         T*** 1.80e+02
         T*   1.04e+03
         T**  5.42e+03
         Third body efficiencies
         H2                  	enhanced by	   2.000
         CH4                 	enhanced by	   2.000
         C2H6                	enhanced by	   3.000


     14. H + C2H3 (+M)  = C2H4 (+M) 
         Fall-off (Troe)
         k0:      1.400000e+30	   -3.86       3320.00
         kInf:    6.080000e+12	    0.27        280.00
         Troe Parameters
         a    7.82e-01
         T*** 2.08e+02
         T*   2.66e+03
         T**  6.10e+03
         Third body efficiencies
         H2                  	enhanced by	   2.000
         CH4                 	enhanced by	   2.000
         C2H6                	enhanced by	   3.000


     15. H + C3H3 (+M)  = AC3H4 (+M) 
         Fall-off (Troe)
         k0:      3.500000e+33	   -4.90       2225.00
         kInf:    1.000000e+17	   -0.80        315.00
         Troe Parameters
         a    7.09e-01
         T*** 1.34e+02
         T*   1.78e+03
         T**  5.74e+03
         Third body efficiencies
         H2                  	enhanced by	   2.900
         CH4                 	enhanced by	   2.900
         C2H6                	enhanced by	   4.300


     16. H + C3H3 (+M)  = PC3H4 (+M) 
         Fall-off (Troe)
         k0:      3.500000e+33	   -4.90       2225.00
         kInf:    1.000000e+17	   -0.80        315.00
         Troe Parameters
         a    7.09e-01
         T*** 1.34e+02
         T*   1.78e+03
         T**  5.74e+03
         Third body efficiencies
         H2                  	enhanced by	   2.900
         CH4                 	enhanced by	   2.900
         C2H6                	enhanced by	   4.300


     17. CH3 + C2H3 (+M)  = C3H6 (+M) 
         Fall-off (Troe)
         k0:      4.270000e+58	  -11.94       9770.00
         kInf:    2.500000e+13	    0.00          0.00
         Troe Parameters
         a    1.75e-01
         T*** 1.34e+03
         T*   6.00e+04
         T**  1.01e+04
         Third body efficiencies
         H2                  	enhanced by	   2.000
         CH4                 	enhanced by	   2.000
         C2H6                	enhanced by	   3.000


     18. C4H4  = C2H + C2H3 
         k:       1.000000e+16	    0.00     125000.00


     19. 2C4H4  = C4H3 + C4H5 
         k:       5.000000e+16	    0.00      81500.00


     20. C2H3 + C2H5 (+M)  = NC4H8 (+M) 
         Fall-off (Troe)
         k0:      1.550000e+56	  -11.79       8984.40
         kInf:    1.500000e+13	    0.00          0.00
         Troe Parameters
         a    1.98e-01
         T*** 2.28e+03
         T*   6.00e+04
         T**  5.72e+03


     21. NC4H8  = CH3 + CH2CHCH2 
         k:       2.000000e+16	    0.00      78000.00


     22. H + SC4H7 (+M)  = NC4H8 (+M) 
         Fall-off (Troe)
         k0:      1.330000e+60	  -12.00       5967.80
         kInf:    5.000000e+13	    0.00          0.00
         Troe Parameters
         a    2.00e-02
         T*** 1.10e+03
         T*   1.10e+04
         T**  6.86e+03
         Third body efficiencies
         H2                  	enhanced by	   2.000
         CH4                 	enhanced by	   2.000
         C2H6                	enhanced by	   3.000


     23. IC4H8  = H + IC4H7 
         k:       1.500000e+16	    0.00      89000.00


     24. C2H2 + C2H3  = C4H4 + H 
         k:       2.500000e+14	   -0.71       6700.00


     25. C3H6 + C2H3  => C4H6 + CH3 
         k:       1.800000e+11	    0.00       6000.00


     26. C4H5  = C2H2 + C2H3 
         k:       7.500000e+12	    0.00      40000.00


     27. 2C2H3  = C4H6 
         k:       1.000000e+13	    0.00          0.00


     28. C2H2 + C2H4  = C4H6 
         k:       5.000000e+10	    0.00      28000.00


     29. C4H6  = H2 + C4H4 
         k:       2.520000e+15	    0.00      94700.00


     30. H + C2H3  = H2 + C2H2 
         k:       3.000000e+13	    0.00          0.00


     31. H2 + C2H4  = H + C2H5 
         k:       1.000000e+14	    0.00      65000.00


     32. 2C2H2  = H + C4H3 
         k:       2.000000e+16	    0.00      81500.00


     33. H2 + C4H3  = C2H2 + C2H3 
         k:       5.000000e+10	    0.00      20000.00


     34. CH3 + IC3H7  => CH4 + C3H6 
         k:       6.000000e+10	    0.00          0.00


     35. 2CH3  => H2 + C2H4 
         k:       5.000000e+14	    0.00      32000.00


     36. CH3 + C2H3  = CH4 + C2H2 
         k:       1.333000e+13	    0.00          0.00


     37. CH4 + C2H4  => CH3 + C2H5 
         k:       3.000000e+13	    0.00      62000.00


     38. C2H5 + IC3H7  => C2H4 + C3H8 
         k:       5.000000e+11	    0.00          0.00


     39. C2H3 + C2H5  => NC4H8 
         k:       9.000000e+12	    0.00          0.00


     40. C2H5 + SC4H7  => C2H6 + C4H6 
         k:       1.000000e+12	    0.00          0.00


     41. 2C2H2  = C2H + C2H3 
         k:       1.700000e+14	    0.00      92000.00


     42. C2H2 + C2H4  = 2C2H3 
         k:       2.400000e+13	    0.00      68360.00


     43. H + C4H3  = H2 + C4H2 
         k:       1.000000e+14	    0.00          0.00


     44. H + C4H3  = C4H4 
         k:       1.000000e+14	    0.00          0.00


     45. H + C4H5  = C2H2 + C2H4 
         k:       1.000000e+13	    0.00          0.00


     46. H + C4H5  = H2 + C4H4 
         k:       1.500000e+13	    0.00          0.00


     47. C2H2 + AC3H4  = C2H + CH2CHCH2 
         k:       5.000000e+14	    0.00      73000.00


     48. C2H2 + C2H6  = C2H3 + C2H5 
         k:       2.000000e+14	    0.00      60000.00


     49. C2H2 + C3H6  = C2H3 + CH2CHCH2 
         k:       4.000000e+13	    0.00      46800.00


     50. C2H2 + C4H2  = C2H + C4H3 
         k:       3.000000e+14	    0.00      97000.00


     51. C2H2 + C4H4  = C2H + C4H5 
         k:       1.000000e+14	    0.00      95000.00


     52. C2H2 + C4H4  = C2H3 + C4H3 
         k:       3.000000e+14	    0.00      73000.00


     53. 2C2H4  = C2H3 + C2H5 
         k:       4.800000e+14	    0.00      71500.00


     54. C2H4 + C3H6  = C2H5 + CH2CHCH2 
         k:       5.780000e+13	    0.00      51600.00


     55. C2H3 + SC4H7  => C2H4 + C4H6 
         k:       2.000000e+12	    0.00          0.00


     56. C2H3 + IC4H7  => C2H2 + IC4H8 
         k:       2.000000e+12	    0.00          0.00


     57. 2C3H3  => C2H2 + C4H4 
         k:       1.000000e+11	    0.00          0.00


     58. 2CH2CHCH2  => AC3H4 + C3H6 
         k:       5.000000e+09	    0.00       6000.00


     59. 2CH2CHCH2  => PC3H4 + C3H6 
         k:       5.000000e+09	    0.00       6000.00


     60. C3H3 + CH2CHCH2  => C2H2 + C4H6 
         k:       5.000000e+11	    0.00          0.00


     61. CH2CHCH2 + SC4H7  => C3H6 + C4H6 
         k:       7.000000e+11	    0.00          0.00


     62. CH2CHCH2 + IC4H7  => AC3H4 + IC4H8 
         k:       5.000000e+10	    0.00          0.00


     63. 2SC4H7  => C4H6 + NC4H8 
         k:       7.000000e+11	    0.00          0.00


     64. SC4H7 + IC4H7  => C4H6 + IC4H8 
         k:       7.000000e+11	    0.00          0.00


     65. 2C4H6  = C4H5 + SC4H7 
         k:       5.000000e+14	    0.00      64000.00


     66. AC3H4  = PC3H4 
         k:       6.026000e+53	  -12.18      84276.00


     67. C2H2 + H (+M)  = C2H3 (+M) 
         Fall-off (Lindemann)
         k0:      1.000000e+16	    0.00       -560.00
         kInf:    2.500000e+12	    0.00       2770.00
         Third body efficiencies
         H2                  	enhanced by	   2.000


     68. C2H4 + H (+M)  = C2H5 (+M) 
         Fall-off (Troe)
         k0:      4.600000e+18	    0.00       1070.00
         kInf:    1.770000e+13	    0.00       2110.00
         Troe Parameters
         a    1.00e+00
         T*** 1.00e-15
         T*   9.50e+01
         T**  2.00e+02
         Third body efficiencies
         H2                  	enhanced by	   2.000


     69. C3H3  = C3H2 + H 
         k:       1.000000e+13	    0.00      97000.00


     70. PC3H4 + H (+M)  = CHCHCH3 (+M) 
         Fall-off (Lindemann)
         k0:      8.450000e+39	   -7.27       6577.00
         kInf:    6.500000e+12	    0.00       2000.00


     71. AC3H4 + H (+M)  = CH2CHCH2 (+M) 
         Fall-off (Lindemann)
         k0:      5.660000e+33	   -5.00       4448.00
         kInf:    1.200000e+11	    0.69       3007.00


     72. AC3H4 + H (+M)  = CH2CCH3 (+M) 
         Fall-off (Lindemann)
         k0:      1.110000e+34	   -5.00       4448.00
         kInf:    8.490000e+12	    0.00       2000.00


     73. CHCHCH3  = C2H2 + CH3 
         k:       2.000000e+13	    0.00      38000.00


     74. CH3 + CH2CCH3  = NC4H8 
         k:       3.000000e+11	    0.00          0.00


     75. PC3H4 + H  = CH2CCH3 
         k:       5.000000e+13	    0.00       4000.00


     76. CH2CCH3  = C2H2 + CH3 
         k:       2.000000e+13	    0.00      38000.00


     77. IC3H7  = C3H6 + H 
         k:       5.000000e+13	    0.00      41000.00


     78. IC3H7  = NC3H7 
         k:       2.000000e+12	    0.00      42000.00


     79. NC3H7  = C2H4 + CH3 
         k:       2.000000e+13	    0.00      32000.00


     80. NC3H7  = C3H6 + H 
         k:       1.000000e+13	    0.00      39500.00


     81. C4H2 + H  = C4H3 
         k:       2.500000e+14	    0.00       3016.00


     82. C2H2 + C2H  = C4H3 
         k:       1.500000e+13	    0.00          0.00


     83. C4H5  = C4H4 + H 
         k:       5.000000e+12	    0.00      44000.00


     84. C4H5  = C2H4 + C2H 
         k:       2.000000e+12	    0.00      60000.00


     85. SC4H7  = C4H6 + H 
         k:       2.000000e+14	    0.00      51000.00


     86. CH2C3H5  = SC4H7 
         k:       2.500000e+12	    0.00      36000.00


     87. CH2C3H5  = C2H4 + C2H3 
         k:       2.500000e+13	    0.00      38000.00


     88. CH2C3H5  = C4H6 + H 
         k:       1.000000e+13	    0.00      38000.00


     89. CH2C3H5  => IC4H7 
         k:       1.000000e+14	    0.00      50000.00


     90. IC4H7  = AC3H4 + CH3 
         k:       1.000000e+13	    0.00      57000.00


     91. 2CH3  = H + C2H5 
         k:       1.400000e+14	    0.00      14000.00


     92. CH3 + C2H3  = H + CH2CHCH2 
         k:       5.000000e+01	    3.70       5677.00


     93. PC3H4 + H  = C2H2 + CH3 
         k:       2.000000e+05	    2.50       1000.00


     94. C3H2 + CH  = C4H2 + H 
         k:       5.000000e+13	    0.00          0.00


     95. CH + C3H3  = C4H2 + 2H 
         k:       5.000000e+13	    0.00          0.00


     96. CH2S + C3H3  = C4H4 + H 
         k:       5.000000e+13	    0.00          0.00


     97. C3H2 + CH3  = C4H4 + H 
         k:       1.000000e+12	    0.00          0.00


     98. C3H3 + SC4H7  => C3H6 + C4H4 
         k:       4.000000e+12	    0.00          0.00


     99. C3H3 + IC4H7  => C3H6 + C4H4 
         k:       4.000000e+12	    0.00          0.00


    100. C4H6 + CH3  => C2H4 + CH2CHCH2 
         k:       1.000000e+11	    0.00       7600.00


    101. C2H2 + C2H5  => CH2C3H5 
         k:       3.000000e+11	    0.00       7600.00


    102. C3H6 + C2H5  => 0.5C2H4 + 0.5NC4H8 + 0.5CH3 + 0.5NC3H7 
         k:       1.800000e+11	    0.00       7600.00


    103. C4H6 + C2H5  => C2H4 + SC4H7 
         k:       1.000000e+10	    0.00       5000.00


    104. C2H4 + NC3H7  => C3H6 + C2H5 
         k:       2.000000e+11	    0.00       7600.00


    105. C2H4 + IC3H7  => 0.8C3H6 + 0.2NC4H8 + 0.2CH3 + 0.8C2H5 
         k:       1.000000e+11	    0.00       7600.00


    106. C3H6 + IC3H7  => C3H6 + NC3H7 
         k:       5.000000e+10	    0.00       7600.00


    107. PC3H4 + C2H  => C4H2 + CH3 
         k:       3.000000e+11	    0.00       8000.00


    108. C4H6 + C3H3  => AC3H4 + C4H5 
         k:       1.000000e+13	    0.00      22500.00


    109. C3H6 + CH2CHCH2  => 0.8C2H4 + 0.2C4H6 + 0.2C2H5 + 0.8CH2C3H5 
         k:       3.400000e+11	    0.00      22000.00


    110. C3H6 + CH2CHCH2  => 0.3H2 + 0.7NC4H8 + 0.3CYC5H6 + 0.3CH3 + 0.7C2H3 
         k:       1.600000e+11	    0.00      22000.00


    111. C2H4 + CHCHCH3  => C4H6 + CH3 
         k:       2.000000e+11	    0.00       6000.00


    112. PC3H4 + CHCHCH3  => C3H6 + C3H3 
         k:       4.000000e+11	    0.00       3000.00


    113. C2H4 + SC4H7  => 0.85C3H6 + 0.15C4H6 + 0.15C2H5 + 0.85CH2CHCH2 
         k:       2.000000e+11	    0.00      13000.00


    114. C2H4 + CH2C3H5  => 0.2C3H6 + 0.8C4H6 + 0.8C2H5 + 0.1CH2CHCH2 + 0.1CHCHCH3 
         k:       3.000000e+11	    0.00       7600.00


    115. C3H6 + CH2C3H5  => C4H6 + NC3H7 
         k:       3.000000e+11	    0.00       7600.00


    116. C2H6  = H2 + C2H4 
         k:       3.000000e+11	    0.00      71000.00


    117. C3H8  = H2 + C3H6 
         k:       5.000000e+13	    0.00      70000.00


    118. 2C2H2  = C4H4 
         k:       1.500000e+12	    0.00      37400.00


    119. 2C2H2  = H2 + C4H2 
         k:       1.000000e+16	    0.00      68200.00


    120. C4H4  = H2 + C4H2 
         k:       3.500000e+11	    0.00      66000.00


    121. NC4H8  = H2 + C4H6 
         k:       5.000000e+13	    0.00      70000.00


    122. 2C2H4  = NC4H8 
         k:       1.000000e+10	    0.00      40000.00


    123. 2C3H6  = CH2CHCH2 + NC3H7 
         k:       1.000000e+15	    0.00      68000.00


    124. 2C3H6  = CH2CHCH2 + IC3H7 
         k:       1.000000e+15	    0.00      68000.00


    125. 2C3H6  = C2H4 + NC4H8 
         k:       5.000000e+11	    0.00      43000.00


    126. 2AC3H4  => C2H4 + C4H4 
         k:       5.000000e+11	    0.00      25000.00


    127. C2H2 + C4H4  => C6H6 
         k:       6.000000e+12	    0.00      37400.00


    128. 2C4H4  => C2H2 + C6H6 
         k:       2.500000e+14	    0.00      44000.00


    129. C2H2 + C4H6  => H2 + C6H6 
         k:       1.500000e+11	    0.00      22500.00


    130. C2H4 + C4H2  => C6H6 
         k:       3.000000e+11	    0.00      30000.00


    131. CH2 + C4H3  = PC3H4 + C2H 
         k:       2.000000e+13	    0.00          0.00


    132. CH + C3H3  = H + C4H3 
         k:       7.000000e+13	    0.00          0.00


    133. CH4 + CH2  = 2CH3 
         k:       4.300000e+12	    0.00      10034.00


    134. CH4 + CH2S  = 2CH3 
         k:       4.300000e+13	    0.00          0.00


    135. CH4 + CH  = C2H4 + H 
         k:       6.000000e+13	    0.00          0.00


    136. CH3 +M  = H + CH2 +M 
         k:       1.000000e+16	    0.00      90600.00


    137. H2 + CH2S  = H + CH3 
         k:       7.200000e+13	    0.00          0.00


    138. CH2 + CH3  = C2H4 + H 
         k:       4.200000e+13	    0.00          0.00


    139. CH2S + CH3  = C2H4 + H 
         k:       2.000000e+13	    0.00          0.00


    140. CH + CH3  = H + C2H3 
         k:       3.000000e+13	    0.00          0.00


    141. C + CH3  = C2H2 + H 
         k:       5.000000e+13	    0.00          0.00


    142. H + CH2  = H2 + CH 
         k:       1.750000e+14	    0.00       -165.00


    143. 2CH2  = C2H2 + 2H 
         k:       1.200000e+14	    0.00          0.00


    144. CH + CH2  = C2H2 + H 
         k:       4.000000e+13	    0.00          0.00


    145. C + CH2  = H + C2H 
         k:       5.000000e+13	    0.00          0.00


    146. CH2S +M  = CH2 +M 
         k:       1.000000e+13	    0.00          0.00
         Third body efficiencies
         H                   	enhanced by	  20.000
         C2H2                	enhanced by	   4.000


    147. H + CH2S  = H2 + CH 
         k:       3.000000e+13	    0.00          0.00


    148. H + CH  = H2 + C 
         k:       1.500000e+14	    0.00          0.00


    149. C2H2 + CH2  = H + C3H3 
         k:       1.200000e+13	    0.00       6600.00


    150. C2H2 + CH2S  = H + C3H3 
         k:       6.000000e+13	    0.00          0.00


    151. C2H2 + CH  = C3H2 + H 
         k:       8.400000e+13	    0.00          0.00


    152. H + C3H3  = H2 + C3H2 
         k:       1.500000e+13	    0.00       3000.00


    153. 2C3H2  = C2H2 + C4H2 
         k:       2.000000e+13	    0.00      85000.00


    154. C3H6 + H  = H2 + CH2CHCH2 
         k:       1.000000e+07	    2.00       4200.00


    155. AC3H4 + H  = H2 + C3H3 
         k:       5.000000e+07	    2.00       5000.00


    156. PC3H4 + H  = H2 + C3H3 
         k:       1.000000e+07	    2.00       5000.00


    157. PC3H4 + CH3  = CH4 + C3H3 
         k:       2.220000e+00	    3.50       5600.00


    158. AC3H4 + CH3  = CH4 + C3H3 
         k:       4.000000e+13	    0.00      16000.00


    159. CH4 + H  = H2 + CH3 
         k:       3.000000e+07	    2.00      10000.00


    160. C2H6 + H  = H2 + C2H5 
         k:       1.430000e+14	    0.00      10500.00


    161. C3H8 + H  = H2 + NC3H7 
         k:       1.270000e+14	    0.00      10500.00


    162. C3H8 + H  = H2 + IC3H7 
         k:       3.200000e+13	    0.00       7900.00


    163. H2 + C2H  = C2H2 + H 
         k:       2.000000e+05	    2.50        560.00


    164. CYC5H6  = H + CYC5H5 
         k:       1.500000e+15	    0.00      81500.00


    165. CH3 + C4H3  => CYC5H6 
         k:       1.000000e+13	    0.00          0.00


    166. C2H2 + AC3H4  = CYC5H6 
         k:       4.000000e+11	    0.00      22000.00


    167. C2H2 + PC3H4  = CYC5H6 
         k:       5.000000e+10	    0.00      22000.00


    168. C2H4 + C3H3  = CYC5H6 + H 
         k:       5.000000e+10	    0.00      20400.00


    169. CYC5H6 + H  => C2H2 + CH2CHCH2 
         k:       2.000000e+12	    0.00       8000.00


    170. CYC5H6 + H  => H2 + CYC5H5 
         k:       1.600000e+15	    0.00       7925.00


    171. H2 + CYC5H5  => CYC5H6 + H 
         k:       1.800000e+14	    0.00      30000.00


    172. CYC5H5  => C2H2 + C3H3 
         k:       2.000000e+12	    0.00      68000.00


    173. C4H2 + CH3  => CYC5H5 
         k:       1.000000e+11	    0.00       7600.00


    174. CYC5H6 + CYC5H5  => H2 + C10H8 + H 
         k:       3.000000e+12	    0.00      23000.00


    175. CYC5H6 + CYC5H5  => C6H6 + C4H5 
         k:       1.200000e+13	    0.00      25500.00


    176. C6H6 + CYC5H5  => C10H8 + CH3 
         k:       3.000000e+12	    0.00      23000.00


    177. CH3 + CYC5H5  => C2H3 + C4H5 
         k:       1.000000e+12	    0.00       3000.00


    178. CH3 + CYC5H5  => C2H2 + C4H6 
         k:       1.500000e+12	    0.00       3000.00


    179. 2CYC5H5  => C10H8 + 2H 
         k:       1.000000e+12	    0.00       6000.00


    180. AC3H4 + C2H3  => CYC5H6 + H 
         k:       5.000000e+11	    0.00       3000.00


    181. PC3H4 + C2H3  => CYC5H6 + H 
         k:       5.000000e+11	    0.00       3000.00


    182. C2H4 + SC4H7  => H2 + CYC5H6 + CH3 
         k:       1.500000e+11	    0.00      13000.00


    183. C2H4 + IC4H7  => CH4 + CYC5H6 + H 
         k:       1.050000e+11	    0.00      18000.00


    184. C2H4 + IC4H7  => 0.33AC3H4 + 0.67C3H6 + 0.67CHCHCH3 + 0.33NC3H7 
         k:       4.500000e+10	    0.00      18000.00


    185. C4H5 + CYC5H5  => AC3H4 + C6H6 
         k:       2.000000e+12	    0.00       3000.00


    186. CYC5H6 + C4H5  => C6H6 + CH2CHCH2 
         k:       1.000000e+12	    0.00       6000.00


    187. CH3 + CYC5H5  => MCPTD 
         k:       1.000000e+13	    0.00       3000.00


    188. MCPTD + H  => CYC5H6 + CH3 
         k:       1.500000e+13	    0.00       2000.00


    189. C2H2 + IC4H7  => MCPTD + H 
         k:       2.000000e+12	    0.00      18000.00


    190. CH2CHCH2 + CHCHCH3  => H2 + MCPTD 
         k:       6.000000e+12	    0.00          0.00


    191. C6H6  = H + C6H5 
         k:       1.500000e+17	    0.00     114000.00


    192. C2H + C4H5  => C6H6 
         k:       1.000000e+13	    0.00          0.00


    193. C2H3 + C4H3  => C6H6 
         k:       1.000000e+13	    0.00          0.00


    194. C2H3 + C4H3  = H + C6H5 
         k:       6.000000e+12	    0.00          0.00


    195. 2C3H3 (+M)  = C6H6 (+M) 
         Fall-off (Lindemann)
         k0:      5.000000e+17	    0.00          0.00
         kInf:    3.000000e+12	    0.00          0.00


    196. 2C3H3  = H + C6H5 
         k:       3.000000e+12	    0.00          0.00


    197. C3H6 + C4H6  => H2 + C6H6 + H + CH3 
         k:       2.500000e+10	    0.00      30000.00


    198. C2H4 + CYC5H6  => C6H6 + H + CH3 
         k:       3.000000e+11	    0.00      30000.00


    199. C3H6 + CYC5H6  => C6H6 + 2CH3 
         k:       3.000000e+11	    0.00      30000.00


    200. C4H6 + CYC5H6  => C6H6 + CH3 + C2H3 
         k:       3.000000e+11	    0.00      30000.00


    201. C4H6 + C6H6  => H2 + C10H8 + 2H 
         k:       1.000000e+11	    0.00      30000.00


    202. CYC5H6 + C6H6  => C10H8 + H + CH3 
         k:       5.000000e+11	    0.00      30000.00


    203. CH2CHCH2 + IC4H7  => H2 + C6H6 + H + CH3 
         k:       4.000000e+10	    0.00          0.00


    204. C4H4 + C2H3  => C6H6 + H 
         k:       1.000000e+12	    0.00       6000.00


    205. C4H6 + C2H3  => 0.15H2 + 0.85CYC5H6 + 0.15C6H6 + 0.15H + 0.85CH3 
         k:       2.230000e+07	    1.31       1370.00


    206. C4H6 + C2H  => C6H6 + H 
         k:       3.000000e+11	    0.00       8000.00


    207. PC3H4 + C3H3  => C6H6 + H 
         k:       1.000000e+13	    0.00      18000.00


    208. AC3H4 + C3H3  => C6H6 + H 
         k:       1.000000e+13	    0.00      18000.00


    209. AC3H4 + CH2CHCH2  => H2 + C6H6 + H 
         k:       2.000000e+12	    0.00      16500.00


    210. PC3H4 + CH2CHCH2  => H2 + C6H6 + H 
         k:       2.000000e+12	    0.00      16500.00


    211. C4H6 + CH2CHCH2  => 0.3H2 + 0.7CYC5H6 + 0.3C6H6 + 0.3CH3 + 0.7C2H5 
         k:       4.000000e+11	    0.00      15000.00


    212. C4H6 + CHCHCH3  => H2 + C6H6 + CH3 
         k:       2.000000e+11	    0.00       5000.00


    213. C2H4 + C4H3  => C6H6 + H 
         k:       5.000000e+11	    0.00       5000.00


    214. C6H6 + C4H3  => C10H8 + H 
         k:       5.000000e+11	    0.00       5000.00


    215. C2H2 + C4H5  = C6H6 + H 
         k:       5.000000e+11	    0.00       5000.00


    216. C2H4 + C4H5  => H2 + C6H6 + H 
         k:       3.000000e+11	    0.00       7000.00


    217. AC3H4 + C4H5  => C6H6 + CH3 
         k:       2.500000e+11	    0.00       5000.00


    218. PC3H4 + C4H5  => C6H6 + CH3 
         k:       2.500000e+11	    0.00       5000.00


    219. C4H2 + C4H5  => C6H6 + C2H 
         k:       5.000000e+11	    0.00       5000.00


    220. C4H4 + C4H5  => C6H6 + C2H3 
         k:       5.000000e+11	    0.00       5000.00


    221. C4H6 + C4H5  => H2 + C6H6 + C2H3 
         k:       5.000000e+11	    0.00       7000.00


    222. C6H6 + C4H5  => H2 + C10H8 + H 
         k:       5.000000e+11	    0.00       5000.00


    223. C3H6 + SC4H7  => 1.5H2 + 0.25C2H4 + 0.5CYC5H6 + 0.5C6H6 + CH3 
         k:       4.000000e+11	    0.00      13000.00


    224. C6H6 + CH2C3H5  => 2H2 + C10H8 + H 
         k:       4.500000e+11	    0.00       6000.00


    225. 2C4H5  = C2H4 + C6H6 
         k:       2.000000e+12	    0.00          0.00


    226. C6H6 + H  = H2 + C6H5 
         k:       1.500000e+14	    0.00      10000.00


    227. C10H8 + H  => C4H4 + C6H5 
         k:       5.000000e+12	    0.00       2500.00


    228. H2 + C2H3  => C2H4 + H 
         k:       9.496000e+05	    2.00       8459.77


    229. H2 + C4H3  => C4H4 + H 
         k:       5.722000e+05	    2.00       9002.16


    230. H2 + C4H5  => C4H6 + H 
         k:       3.780000e+05	    2.00       8148.54


    231. H2 + SC4H7  => NC4H8 + H 
         k:       4.759000e+05	    2.00      20402.36


    232. H2 + IC4H7  => IC4H8 + H 
         k:       4.759000e+05	    2.00      20402.36


    233. H2 + CHCHCH3  => C3H6 + H 
         k:       3.780000e+05	    2.00       8148.54


    234. H2 + CH2CCH3  => C3H6 + H 
         k:       3.780000e+05	    2.00       8148.54


    235. H2 + CH2C3H5  => NC4H8 + H 
         k:       1.895000e+05	    2.00      10875.57


    236. CH4 + C2H5  => C2H6 + CH3 
         k:       1.609000e+05	    2.00      14621.99


    237. CH4 + CH2CHCH2  => C3H6 + CH3 
         k:       1.685000e+05	    2.00      23467.33


    238. CH4 + NC3H7  => C3H8 + CH3 
         k:       9.473000e+04	    2.00      13415.67


    239. CH4 + IC3H7  => C3H8 + CH3 
         k:       9.473000e+04	    2.00      15859.80


    240. CH4 + C2H3  => C2H4 + CH3 
         k:       1.200000e+06	    2.00      11093.60


    241. CH4 + C4H3  => C4H4 + CH3 
         k:       2.861000e+05	    2.00      11663.39


    242. CH4 + C4H5  => C4H6 + CH3 
         k:       1.890000e+05	    2.00      10760.34


    243. CH4 + SC4H7  => NC4H8 + CH3 
         k:       2.380000e+05	    2.00      23467.33


    244. CH4 + IC4H7  => IC4H8 + CH3 
         k:       2.380000e+05	    2.00      23467.33


    245. CH4 + CHCHCH3  => C3H6 + CH3 
         k:       1.890000e+05	    2.00      10760.34


    246. CH4 + CH2CCH3  => C3H6 + CH3 
         k:       1.890000e+05	    2.00      10760.34


    247. CH4 + CH2C3H5  => NC4H8 + CH3 
         k:       9.473000e+04	    2.00      13525.57


    248. CH4 + C6H5  => C6H6 + CH3 
         k:       9.473000e+04	    2.00       4854.35


    249. C2H2 + CH3  => CH4 + C2H 
         k:       7.806000e+04	    2.00      11601.78


    250. C2H2 + C2H5  => C2H6 + C2H 
         k:       4.597000e+04	    2.00      14929.22


    251. C2H2 + CH2CHCH2  => C3H6 + C2H 
         k:       4.813000e+04	    2.00      23677.56


    252. C2H2 + NC3H7  => C3H8 + C2H 
         k:       2.707000e+04	    2.00      13714.93


    253. C2H2 + IC3H7  => C3H8 + C2H 
         k:       2.707000e+04	    2.00      16028.21


    254. C2H2 + C2H3  => C2H4 + C2H 
         k:       1.357000e+05	    2.00      11601.78


    255. C2H2 + C3H3  => AC3H4 + C2H 
         k:       5.401000e+04	    2.00      23085.73


    256. C2H2 + C4H3  => C4H4 + C2H 
         k:       8.174000e+04	    2.00      12160.02


    257. C2H2 + C4H5  => C4H6 + C2H 
         k:       5.401000e+04	    2.00      11266.02


    258. C2H2 + SC4H7  => NC4H8 + C2H 
         k:       6.799000e+04	    2.00      23677.56


    259. C2H2 + IC4H7  => IC4H8 + C2H 
         k:       6.799000e+04	    2.00      23677.56


    260. C2H2 + CHCHCH3  => C3H6 + C2H 
         k:       5.401000e+04	    2.00      11266.02


    261. C2H2 + CH2CCH3  => C3H6 + C2H 
         k:       5.401000e+04	    2.00      11266.02


    262. C2H2 + CH2C3H5  => NC4H8 + C2H 
         k:       2.707000e+04	    2.00      13825.57


    263. C2H2 + C6H5  => C6H6 + C2H 
         k:       2.707000e+04	    2.00       5307.08


    264. C2H4 + CH3  => CH4 + C2H3 
         k:       3.122000e+05	    2.00      11393.60


    265. C2H4 + H  => H2 + C2H3 
         k:       1.925000e+07	    2.00      10409.77


    266. C2H4 + C2H5  => C2H6 + C2H3 
         k:       1.839000e+05	    2.00      14929.22


    267. C2H4 + CH2CHCH2  => C3H6 + C2H3 
         k:       1.925000e+05	    2.00      23823.28


    268. C2H4 + NC3H7  => C3H8 + C2H3 
         k:       1.083000e+05	    2.00      13714.93


    269. C2H4 + IC3H7  => C3H8 + C2H3 
         k:       1.083000e+05	    2.00      16173.94


    270. C2H4 + C3H3  => AC3H4 + C2H3 
         k:       2.160000e+05	    2.00      22861.94


    271. C2H4 + C4H3  => C4H4 + C2H3 
         k:       3.270000e+05	    2.00      11951.84


    272. C2H4 + C4H5  => C4H6 + C2H3 
         k:       2.160000e+05	    2.00      11042.23


    273. C2H4 + SC4H7  => NC4H8 + C2H3 
         k:       2.720000e+05	    2.00      23823.28


    274. C2H4 + IC4H7  => IC4H8 + C2H3 
         k:       2.720000e+05	    2.00      23823.28


    275. C2H4 + CHCHCH3  => C3H6 + C2H3 
         k:       2.160000e+05	    2.00      11042.23


    276. C2H4 + CH2CCH3  => C3H6 + C2H3 
         k:       2.160000e+05	    2.00      11042.23


    277. C2H4 + CH2C3H5  => NC4H8 + C2H3 
         k:       1.083000e+05	    2.00      13825.57


    278. C2H4 + C6H5  => C6H6 + C2H3 
         k:       1.083000e+05	    2.00       5083.29


    279. C2H6 + CH3  => CH4 + C2H5 
         k:       3.513000e+05	    2.00       7621.99


    280. C2H6 + CH2CHCH2  => C3H6 + C2H5 
         k:       2.166000e+05	    2.00      18508.07


    281. C2H6 + NC3H7  => C3H8 + C2H5 
         k:       1.218000e+05	    2.00       9425.57


    282. C2H6 + IC3H7  => C3H8 + C2H5 
         k:       1.218000e+05	    2.00      11458.07


    283. C2H6 + C2H3  => C2H4 + C2H5 
         k:       6.105000e+05	    2.00       7629.22


    284. C2H6 + C3H3  => AC3H4 + C2H5 
         k:       2.430000e+05	    2.00      18129.22


    285. C2H6 + C4H3  => C4H4 + C2H5 
         k:       3.678000e+05	    2.00       8121.99


    286. C2H6 + C4H5  => C4H6 + C2H5 
         k:       2.430000e+05	    2.00       7329.22


    287. C2H6 + SC4H7  => NC4H8 + C2H5 
         k:       3.060000e+05	    2.00      18508.07


    288. C2H6 + IC4H7  => IC4H8 + C2H5 
         k:       3.060000e+05	    2.00      18508.07


    289. C2H6 + CHCHCH3  => C3H6 + C2H5 
         k:       2.430000e+05	    2.00       7329.22


    290. C2H6 + CH2CCH3  => C3H6 + C2H5 
         k:       2.430000e+05	    2.00       7329.22


    291. C2H6 + CH2C3H5  => NC4H8 + C2H5 
         k:       1.218000e+05	    2.00       9525.57


    292. C2H6 + C6H5  => C6H6 + C2H5 
         k:       1.218000e+05	    2.00       2129.22


    293. C3H6 + CH3  => CH4 + CH2CHCH2 
         k:       1.171000e+05	    2.00       5617.33


    294. C3H6 + C2H5  => C2H6 + CH2CHCH2 
         k:       6.895000e+04	    2.00       7658.07


    295. C3H6 + NC3H7  => C3H8 + CH2CHCH2 
         k:       4.060000e+04	    2.00       6632.50


    296. C3H6 + IC3H7  => C3H8 + CH2CHCH2 
         k:       4.060000e+04	    2.00       8071.39


    297. C3H6 + C2H3  => C2H4 + CH2CHCH2 
         k:       2.035000e+05	    2.00       5673.28


    298. C3H6 + C3H3  => AC3H4 + CH2CHCH2 
         k:       8.101000e+04	    2.00      15532.56


    299. C3H6 + C4H3  => C4H4 + CH2CHCH2 
         k:       1.226000e+05	    2.00       6079.40


    300. C3H6 + C4H5  => C4H6 + CH2CHCH2 
         k:       8.101000e+04	    2.00       5396.56


    301. C3H6 + SC4H7  => NC4H8 + CH2CHCH2 
         k:       1.020000e+05	    2.00      14731.12


    302. C3H6 + IC4H7  => IC4H8 + CH2CHCH2 
         k:       1.020000e+05	    2.00      14731.12


    303. C3H6 + CHCHCH3  => C3H6 + CH2CHCH2 
         k:       8.101000e+04	    2.00       5396.56


    304. C3H6 + CH2CCH3  => C3H6 + CH2CHCH2 
         k:       8.101000e+04	    2.00       5396.56


    305. C3H6 + CH2C3H5  => NC4H8 + CH2CHCH2 
         k:       4.060000e+04	    2.00       6725.57


    306. C3H6 + C6H5  => C6H6 + CH2CHCH2 
         k:       4.060000e+04	    2.00        690.76


    307. C3H6 + CH3  => CH4 + CHCHCH3 
         k:       1.561000e+05	    2.00      11360.34


    308. C3H6 + H  => H2 + CHCHCH3 
         k:       9.627000e+06	    2.00      10398.54


    309. C3H6 + C2H5  => C2H6 + CHCHCH3 
         k:       9.193000e+04	    2.00      14929.22


    310. C3H6 + CH2CHCH2  => C3H6 + CHCHCH3 
         k:       9.627000e+04	    2.00      23846.56


    311. C3H6 + NC3H7  => C3H8 + CHCHCH3 
         k:       5.413000e+04	    2.00      13714.93


    312. C3H6 + IC3H7  => C3H8 + CHCHCH3 
         k:       5.413000e+04	    2.00      16197.22


    313. C3H6 + C2H3  => C2H4 + CHCHCH3 
         k:       2.713000e+05	    2.00      11342.23


    314. C3H6 + C3H3  => AC3H4 + CHCHCH3 
         k:       1.080000e+05	    2.00      22826.19


    315. C3H6 + C4H3  => C4H4 + CHCHCH3 
         k:       1.635000e+05	    2.00      11918.58


    316. C3H6 + C4H5  => C4H6 + CHCHCH3 
         k:       1.080000e+05	    2.00      11006.47


    317. C3H6 + SC4H7  => NC4H8 + CHCHCH3 
         k:       1.360000e+05	    2.00      23846.56


    318. C3H6 + IC4H7  => IC4H8 + CHCHCH3 
         k:       1.360000e+05	    2.00      23846.56


    319. C3H6 + CH2CCH3  => C3H6 + CHCHCH3 
         k:       1.080000e+05	    2.00      11006.47


    320. C3H6 + CH2C3H5  => NC4H8 + CHCHCH3 
         k:       5.413000e+04	    2.00      13825.57


    321. C3H6 + C6H5  => C6H6 + CHCHCH3 
         k:       5.413000e+04	    2.00       5047.53


    322. C3H6 + CH3  => CH4 + CH2CCH3 
         k:       1.171000e+05	    2.00      11360.34


    323. C3H6 + H  => H2 + CH2CCH3 
         k:       7.220000e+06	    2.00      10398.54


    324. C3H6 + C2H5  => C2H6 + CH2CCH3 
         k:       6.895000e+04	    2.00      14929.22


    325. C3H6 + CH2CHCH2  => C3H6 + CH2CCH3 
         k:       7.220000e+04	    2.00      23846.56


    326. C3H6 + NC3H7  => C3H8 + CH2CCH3 
         k:       4.060000e+04	    2.00      13714.93


    327. C3H6 + IC3H7  => C3H8 + CH2CCH3 
         k:       4.060000e+04	    2.00      16197.22


    328. C3H6 + C2H3  => C2H4 + CH2CCH3 
         k:       2.035000e+05	    2.00      11342.23


    329. C3H6 + C3H3  => AC3H4 + CH2CCH3 
         k:       8.101000e+04	    2.00      22826.19


    330. C3H6 + C4H3  => C4H4 + CH2CCH3 
         k:       1.226000e+05	    2.00      11918.58


    331. C3H6 + C4H5  => C4H6 + CH2CCH3 
         k:       8.101000e+04	    2.00      11006.47


    332. C3H6 + SC4H7  => NC4H8 + CH2CCH3 
         k:       1.020000e+05	    2.00      23846.56


    333. C3H6 + IC4H7  => IC4H8 + CH2CCH3 
         k:       1.020000e+05	    2.00      23846.56


    334. C3H6 + CHCHCH3  => C3H6 + CH2CCH3 
         k:       8.101000e+04	    2.00      11006.47


    335. C3H6 + CH2C3H5  => NC4H8 + CH2CCH3 
         k:       4.060000e+04	    2.00      13825.57


    336. C3H6 + C6H5  => C6H6 + CH2CCH3 
         k:       4.060000e+04	    2.00       5047.53


    337. C3H8 + CH3  => CH4 + NC3H7 
         k:       3.122000e+05	    2.00       7515.67


    338. C3H8 + C2H5  => C2H6 + NC3H7 
         k:       1.839000e+05	    2.00      10525.57


    339. C3H8 + CH2CHCH2  => C3H6 + NC3H7 
         k:       1.925000e+05	    2.00      18582.50


    340. C3H8 + IC3H7  => C3H8 + NC3H7 
         k:       1.083000e+05	    2.00      11532.50


    341. C3H8 + C2H3  => C2H4 + NC3H7 
         k:       5.426000e+05	    2.00       7514.93


    342. C3H8 + C3H3  => AC3H4 + NC3H7 
         k:       2.160000e+05	    2.00      18014.93


    343. C3H8 + C4H3  => C4H4 + NC3H7 
         k:       3.270000e+05	    2.00       8015.67


    344. C3H8 + C4H5  => C4H6 + NC3H7 
         k:       2.160000e+05	    2.00       7214.93


    345. C3H8 + SC4H7  => NC4H8 + NC3H7 
         k:       2.720000e+05	    2.00      18582.50


    346. C3H8 + IC4H7  => IC4H8 + NC3H7 
         k:       2.720000e+05	    2.00      18582.50


    347. C3H8 + CHCHCH3  => C3H6 + NC3H7 
         k:       2.160000e+05	    2.00       7214.93


    348. C3H8 + CH2CCH3  => C3H6 + NC3H7 
         k:       2.160000e+05	    2.00       7214.93


    349. C3H8 + CH2C3H5  => NC4H8 + NC3H7 
         k:       1.083000e+05	    2.00       9525.57


    350. C3H8 + C6H5  => C6H6 + NC3H7 
         k:       1.083000e+05	    2.00       2014.93


    351. C3H8 + CH3  => CH4 + IC3H7 
         k:       7.806000e+04	    2.00       5059.80


    352. C3H8 + C2H5  => C2H6 + IC3H7 
         k:       4.597000e+04	    2.00       7658.07


    353. C3H8 + CH2CHCH2  => C3H6 + IC3H7 
         k:       4.813000e+04	    2.00      15121.39


    354. C3H8 + NC3H7  => C3H8 + IC3H7 
         k:       2.707000e+04	    2.00       6632.50


    355. C3H8 + C2H3  => C2H4 + IC3H7 
         k:       1.357000e+05	    2.00       5073.94


    356. C3H8 + C3H3  => AC3H4 + IC3H7 
         k:       5.401000e+04	    2.00      14933.22


    357. C3H8 + C4H3  => C4H4 + IC3H7 
         k:       8.174000e+04	    2.00       5521.88


    358. C3H8 + C4H5  => C4H6 + IC3H7 
         k:       5.401000e+04	    2.00       4797.22


    359. C3H8 + SC4H7  => NC4H8 + IC3H7 
         k:       6.799000e+04	    2.00      15121.39


    360. C3H8 + IC4H7  => IC4H8 + IC3H7 
         k:       6.799000e+04	    2.00      15121.39


    361. C3H8 + CHCHCH3  => C3H6 + IC3H7 
         k:       5.401000e+04	    2.00       4797.22


    362. C3H8 + CH2CCH3  => C3H6 + IC3H7 
         k:       5.401000e+04	    2.00       4797.22


    363. C3H8 + CH2C3H5  => NC4H8 + IC3H7 
         k:       2.707000e+04	    2.00       6725.57


    364. C3H8 + C6H5  => C6H6 + IC3H7 
         k:       2.707000e+04	    2.00         91.41


    365. C4H4 + CH3  => CH4 + C4H3 
         k:       5.464000e+05	    2.00      11163.39


    366. C4H4 + H  => H2 + C4H3 
         k:       3.369000e+07	    2.00      10152.16


    367. C4H4 + C2H5  => C2H6 + C4H3 
         k:       3.218000e+05	    2.00      14621.99


    368. C4H4 + CH2CHCH2  => C3H6 + C4H3 
         k:       3.369000e+05	    2.00      23429.40


    369. C4H4 + NC3H7  => C3H8 + C4H3 
         k:       1.895000e+05	    2.00      13415.67


    370. C4H4 + IC3H7  => C3H8 + C4H3 
         k:       1.895000e+05	    2.00      15821.88


    371. C4H4 + C2H3  => C2H4 + C4H3 
         k:       9.496000e+05	    2.00      11151.84


    372. C4H4 + C3H3  => AC3H4 + C4H3 
         k:       3.780000e+05	    2.00      22567.15


    373. C4H4 + C4H5  => C4H6 + C4H3 
         k:       3.780000e+05	    2.00      10818.58


    374. C4H4 + SC4H7  => NC4H8 + C4H3 
         k:       4.759000e+05	    2.00      23429.40


    375. C4H4 + IC4H7  => IC4H8 + C4H3 
         k:       4.759000e+05	    2.00      23429.40


    376. C4H4 + CHCHCH3  => C3H6 + C4H3 
         k:       3.780000e+05	    2.00      10818.58


    377. C4H4 + CH2CCH3  => C3H6 + C4H3 
         k:       3.780000e+05	    2.00      10818.58


    378. C4H4 + CH2C3H5  => NC4H8 + C4H3 
         k:       1.895000e+05	    2.00      13525.57


    379. C4H4 + C6H5  => C6H6 + C4H3 
         k:       1.895000e+05	    2.00       4912.59


    380. C4H6 + CH3  => CH4 + C4H5 
         k:       9.367000e+05	    2.00      11360.34


    381. C4H6 + H  => H2 + C4H5 
         k:       5.776000e+07	    2.00      10398.54


    382. C4H6 + C2H5  => C2H6 + C4H5 
         k:       5.516000e+05	    2.00      14929.22


    383. C4H6 + CH2CHCH2  => C3H6 + C4H5 
         k:       5.776000e+05	    2.00      23846.56


    384. C4H6 + NC3H7  => C3H8 + C4H5 
         k:       3.248000e+05	    2.00      13714.93


    385. C4H6 + IC3H7  => C3H8 + C4H5 
         k:       3.248000e+05	    2.00      16197.22


    386. C4H6 + C2H3  => C2H4 + C4H5 
         k:       1.628000e+06	    2.00      11342.23


    387. C4H6 + C4H3  => C4H4 + C4H5 
         k:       9.809000e+05	    2.00      11918.58


    388. C4H6 + SC4H7  => NC4H8 + C4H5 
         k:       8.159000e+05	    2.00      23846.56


    389. C4H6 + IC4H7  => IC4H8 + C4H5 
         k:       8.159000e+05	    2.00      23846.56


    390. C4H6 + CHCHCH3  => C3H6 + C4H5 
         k:       6.481000e+05	    2.00      11006.47


    391. C4H6 + CH2CCH3  => C3H6 + C4H5 
         k:       6.481000e+05	    2.00      11006.47


    392. C4H6 + CH2C3H5  => NC4H8 + C4H5 
         k:       3.248000e+05	    2.00      13825.57


    393. C4H6 + C6H5  => C6H6 + C4H5 
         k:       3.248000e+05	    2.00       5047.53


    394. NC4H8 + CH3  => CH4 + SC4H7 
         k:       1.952000e+05	    2.00       5617.33


    395. NC4H8 + H  => H2 + SC4H7 
         k:       1.203000e+07	    2.00       4202.36


    396. NC4H8 + C2H5  => C2H6 + SC4H7 
         k:       1.149000e+05	    2.00       7658.07


    397. NC4H8 + CH2CHCH2  => C3H6 + SC4H7 
         k:       1.203000e+05	    2.00      14731.12


    398. NC4H8 + NC3H7  => C3H8 + SC4H7 
         k:       6.767000e+04	    2.00       6632.50


    399. NC4H8 + IC3H7  => C3H8 + SC4H7 
         k:       6.767000e+04	    2.00       8071.39


    400. NC4H8 + C2H3  => C2H4 + SC4H7 
         k:       3.391000e+05	    2.00       5673.28


    401. NC4H8 + C3H3  => AC3H4 + SC4H7 
         k:       1.350000e+05	    2.00      15532.56


    402. NC4H8 + C4H3  => C4H4 + SC4H7 
         k:       2.044000e+05	    2.00       6079.40


    403. NC4H8 + C4H5  => C4H6 + SC4H7 
         k:       1.350000e+05	    2.00       5396.56


    404. NC4H8 + IC4H7  => IC4H8 + SC4H7 
         k:       1.700000e+05	    2.00      14731.12


    405. NC4H8 + CHCHCH3  => C3H6 + SC4H7 
         k:       1.350000e+05	    2.00       5396.56


    406. NC4H8 + CH2CCH3  => C3H6 + SC4H7 
         k:       1.350000e+05	    2.00       5396.56


    407. NC4H8 + CH2C3H5  => NC4H8 + SC4H7 
         k:       6.767000e+04	    2.00       6725.57


    408. NC4H8 + C6H5  => C6H6 + SC4H7 
         k:       6.767000e+04	    2.00        690.76


    409. NC4H8 + CH3  => CH4 + CH2C3H5 
         k:       1.171000e+05	    2.00       7525.57


    410. NC4H8 + H  => H2 + CH2C3H5 
         k:       7.220000e+06	    2.00       6525.57


    411. NC4H8 + C2H5  => C2H6 + CH2C3H5 
         k:       6.895000e+04	    2.00      10525.57


    412. NC4H8 + CH2CHCH2  => C3H6 + CH2C3H5 
         k:       7.220000e+04	    2.00      18575.57


    413. NC4H8 + NC3H7  => C3H8 + CH2C3H5 
         k:       4.060000e+04	    2.00       9425.57


    414. NC4H8 + IC3H7  => C3H8 + CH2C3H5 
         k:       4.060000e+04	    2.00      11525.57


    415. NC4H8 + C2H3  => C2H4 + CH2C3H5 
         k:       2.035000e+05	    2.00       7525.57


    416. NC4H8 + C3H3  => AC3H4 + CH2C3H5 
         k:       8.101000e+04	    2.00      18025.57


    417. NC4H8 + C4H3  => C4H4 + CH2C3H5 
         k:       1.226000e+05	    2.00       8025.57


    418. NC4H8 + C4H5  => C4H6 + CH2C3H5 
         k:       8.101000e+04	    2.00       7225.57


    419. NC4H8 + SC4H7  => NC4H8 + CH2C3H5 
         k:       1.020000e+05	    2.00      18575.57


    420. NC4H8 + IC4H7  => IC4H8 + CH2C3H5 
         k:       1.020000e+05	    2.00      18575.57


    421. NC4H8 + CHCHCH3  => C3H6 + CH2C3H5 
         k:       8.101000e+04	    2.00       7225.57


    422. NC4H8 + CH2CCH3  => C3H6 + CH2C3H5 
         k:       8.101000e+04	    2.00       7225.57


    423. NC4H8 + C6H5  => C6H6 + CH2C3H5 
         k:       4.060000e+04	    2.00       2025.57


    424. IC4H8 + CH3  => CH4 + IC4H7 
         k:       2.342000e+05	    2.00       5617.33


    425. IC4H8 + H  => H2 + IC4H7 
         k:       1.444000e+07	    2.00       4202.36


    426. IC4H8 + C2H5  => C2H6 + IC4H7 
         k:       1.379000e+05	    2.00       7658.07


    427. IC4H8 + CH2CHCH2  => C3H6 + IC4H7 
         k:       1.444000e+05	    2.00      14731.12


    428. IC4H8 + NC3H7  => C3H8 + IC4H7 
         k:       8.120000e+04	    2.00       6632.50


    429. IC4H8 + IC3H7  => C3H8 + IC4H7 
         k:       8.120000e+04	    2.00       8071.39


    430. IC4H8 + C2H3  => C2H4 + IC4H7 
         k:       4.070000e+05	    2.00       5673.28


    431. IC4H8 + C3H3  => AC3H4 + IC4H7 
         k:       1.620000e+05	    2.00      15532.56


    432. IC4H8 + C4H3  => C4H4 + IC4H7 
         k:       2.452000e+05	    2.00       6079.40


    433. IC4H8 + C4H5  => C4H6 + IC4H7 
         k:       1.620000e+05	    2.00       5396.56


    434. IC4H8 + SC4H7  => NC4H8 + IC4H7 
         k:       2.040000e+05	    2.00      14731.12


    435. IC4H8 + CHCHCH3  => C3H6 + IC4H7 
         k:       1.620000e+05	    2.00       5396.56


    436. IC4H8 + CH2CCH3  => C3H6 + IC4H7 
         k:       1.620000e+05	    2.00       5396.56


    437. IC4H8 + CH2C3H5  => NC4H8 + IC4H7 
         k:       8.120000e+04	    2.00       6725.57


    438. IC4H8 + C6H5  => C6H6 + IC4H7 
         k:       8.120000e+04	    2.00        690.76


    439. PC3H4 + C2H5  => C2H6 + C3H3 
         k:       1.379000e+06	    2.00      14929.22


    440. PC3H4 + CH2CHCH2  => C3H6 + C3H3 
         k:       1.444000e+06	    2.00      23182.56


    441. PC3H4 + NC3H7  => C3H8 + C3H3 
         k:       8.120000e+05	    2.00      13714.93


    442. PC3H4 + IC3H7  => C3H8 + C3H3 
         k:       8.120000e+05	    2.00      15533.22


    443. PC3H4 + C2H3  => C2H4 + C3H3 
         k:       4.070000e+06	    2.00      12361.94


    444. PC3H4 + C3H3  => AC3H4 + C3H3 
         k:       1.620000e+06	    2.00      23845.90


    445. PC3H4 + C4H3  => C4H4 + C3H3 
         k:       2.452000e+06	    2.00      12867.15


    446. PC3H4 + C4H5  => C4H6 + C3H3 
         k:       1.620000e+06	    2.00      12026.19


    447. PC3H4 + SC4H7  => NC4H8 + C3H3 
         k:       2.040000e+06	    2.00      23182.56


    448. PC3H4 + IC4H7  => IC4H8 + C3H3 
         k:       2.040000e+06	    2.00      23182.56


    449. PC3H4 + CH2CCH3  => C3H6 + C3H3 
         k:       1.620000e+06	    2.00      12026.19


    450. PC3H4 + CH2C3H5  => NC4H8 + C3H3 
         k:       8.120000e+05	    2.00      13825.57


    451. PC3H4 + C6H5  => C6H6 + C3H3 
         k:       8.120000e+05	    2.00       6067.25


    452. AC3H4 + C2H5  => C2H6 + C3H3 
         k:       1.379000e+06	    2.00      14929.22


    453. AC3H4 + CH2CHCH2  => C3H6 + C3H3 
         k:       1.444000e+06	    2.00      23182.56


    454. AC3H4 + NC3H7  => C3H8 + C3H3 
         k:       8.120000e+05	    2.00      13714.93


    455. AC3H4 + IC3H7  => C3H8 + C3H3 
         k:       8.120000e+05	    2.00      15533.22


    456. AC3H4 + C2H3  => C2H4 + C3H3 
         k:       4.070000e+06	    2.00      12361.94


    457. AC3H4 + C4H3  => C4H4 + C3H3 
         k:       2.452000e+06	    2.00      12867.15


    458. AC3H4 + C4H5  => C4H6 + C3H3 
         k:       1.620000e+06	    2.00      12026.19


    459. AC3H4 + SC4H7  => NC4H8 + C3H3 
         k:       2.040000e+06	    2.00      23182.56


    460. AC3H4 + IC4H7  => IC4H8 + C3H3 
         k:       2.040000e+06	    2.00      23182.56


    461. AC3H4 + CHCHCH3  => C3H6 + C3H3 
         k:       1.620000e+06	    2.00      12026.19


    462. AC3H4 + CH2CCH3  => C3H6 + C3H3 
         k:       1.620000e+06	    2.00      12026.19


    463. AC3H4 + CH2C3H5  => NC4H8 + C3H3 
         k:       8.120000e+05	    2.00      13825.57


    464. AC3H4 + C6H5  => C6H6 + C3H3 
         k:       8.120000e+05	    2.00       6067.25


    465. CYC5H6 + CH3  => CH4 + CYC5H5 
         k:       3.903000e+05	    2.00       4871.29


    466. CYC5H6 + C2H5  => C2H6 + CYC5H5 
         k:       2.298000e+05	    2.00       7658.07


    467. CYC5H6 + CH2CHCH2  => C3H6 + CYC5H5 
         k:       2.407000e+05	    2.00      15253.34


    468. CYC5H6 + NC3H7  => C3H8 + CYC5H5 
         k:       1.353000e+05	    2.00       6632.50


    469. CYC5H6 + IC3H7  => C3H8 + CYC5H5 
         k:       1.353000e+05	    2.00       8593.61


    470. CYC5H6 + C2H3  => C2H4 + CYC5H5 
         k:       6.783000e+05	    2.00       4871.29


    471. CYC5H6 + C3H3  => AC3H4 + CYC5H5 
         k:       2.700000e+05	    2.00      14730.58


    472. CYC5H6 + C4H3  => C4H4 + CYC5H5 
         k:       4.087000e+05	    2.00       5333.37


    473. CYC5H6 + C4H5  => C4H6 + CYC5H5 
         k:       2.700000e+05	    2.00       4594.58


    474. CYC5H6 + SC4H7  => NC4H8 + CYC5H5 
         k:       3.399000e+05	    2.00      15253.34


    475. CYC5H6 + IC4H7  => IC4H8 + CYC5H5 
         k:       3.399000e+05	    2.00      15253.34


    476. CYC5H6 + CHCHCH3  => C3H6 + CYC5H5 
         k:       2.700000e+05	    2.00       4594.58


    477. CYC5H6 + CH2CCH3  => C3H6 + CYC5H5 
         k:       2.700000e+05	    2.00       4594.58


    478. CYC5H6 + CH2C3H5  => NC4H8 + CYC5H5 
         k:       1.353000e+05	    2.00       6725.57


    479. CYC5H6 + C6H5  => C6H6 + CYC5H5 
         k:       1.353000e+05	    2.00       -111.23


    480. MCPTD + CH3  => CH4 + C6H6 + H 
         k:       3.903000e+05	    2.00       3544.16


    481. MCPTD + H  => H2 + C6H6 + H 
         k:       2.407000e+07	    2.00       2663.07


    482. MCPTD + C2H5  => C2H6 + C6H6 + H 
         k:       2.298000e+05	    2.00       6224.33


    483. MCPTD + CH2CHCH2  => C3H6 + C6H6 + H 
         k:       2.407000e+05	    2.00      13592.23


    484. MCPTD + NC3H7  => C3H8 + C6H6 + H 
         k:       1.353000e+05	    2.00       5235.96


    485. MCPTD + IC3H7  => C3H8 + C6H6 + H 
         k:       1.353000e+05	    2.00       7127.64


    486. MCPTD + C2H3  => C2H4 + C6H6 + H 
         k:       6.783000e+05	    2.00       3544.16


    487. MCPTD + C3H3  => AC3H4 + C6H6 + H 
         k:       2.700000e+05	    2.00      13083.08


    488. MCPTD + C4H3  => C4H4 + C6H6 + H 
         k:       4.087000e+05	    2.00       3987.27


    489. MCPTD + C4H5  => C4H6 + C6H6 + H 
         k:       2.700000e+05	    2.00       3279.08


    490. MCPTD + SC4H7  => NC4H8 + C6H6 + H 
         k:       3.399000e+05	    2.00      13592.23


    491. MCPTD + IC4H7  => IC4H8 + C6H6 + H 
         k:       3.399000e+05	    2.00      13592.23


    492. MCPTD + CHCHCH3  => C3H6 + C6H6 + H 
         k:       2.700000e+05	    2.00       3279.08


    493. MCPTD + CH2CCH3  => C3H6 + C6H6 + H 
         k:       2.700000e+05	    2.00       3279.08


    494. MCPTD + CH2C3H5  => NC4H8 + C6H6 + H 
         k:       1.353000e+05	    2.00       5325.57


    495. MCPTD + C6H5  => 2C6H6 + H 
         k:       1.353000e+05	    2.00      -1179.63


    496. C6H6 + CH3  => CH4 + C6H5 
         k:       6.245000e+05	    2.00      10654.35


    497. C6H6 + C2H5  => C2H6 + C6H5 
         k:       3.677000e+05	    2.00      14929.22


    498. C6H6 + CH2CHCH2  => C3H6 + C6H5 
         k:       3.851000e+05	    2.00      24340.76


    499. C6H6 + NC3H7  => C3H8 + C6H5 
         k:       2.165000e+05	    2.00      13714.93


    500. C6H6 + IC3H7  => C3H8 + C6H5 
         k:       2.165000e+05	    2.00      16691.41


    501. C6H6 + C2H3  => C2H4 + C6H5 
         k:       1.085000e+06	    2.00      10583.29


    502. C6H6 + C3H3  => AC3H4 + C6H5 
         k:       4.320000e+05	    2.00      22067.25


    503. C6H6 + C4H3  => C4H4 + C6H5 
         k:       6.539000e+05	    2.00      11212.59


    504. C6H6 + C4H5  => C4H6 + C6H5 
         k:       4.320000e+05	    2.00      10247.53


    505. C6H6 + SC4H7  => NC4H8 + C6H5 
         k:       5.439000e+05	    2.00      24340.76


    506. C6H6 + IC4H7  => IC4H8 + C6H5 
         k:       5.439000e+05	    2.00      24340.76


    507. C6H6 + CHCHCH3  => C3H6 + C6H5 
         k:       4.320000e+05	    2.00      10247.53


    508. C6H6 + CH2CCH3  => C3H6 + C6H5 
         k:       4.320000e+05	    2.00      10247.53


    509. C6H6 + CH2C3H5  => NC4H8 + C6H5 
         k:       2.165000e+05	    2.00      13825.57


