------------------------------
  Elements     Atomic Weight  
------------------------------
  1.	C         12.01099968
  2.	H          1.00800002
  3.	N         14.00699997
------------------------------


------------------------------------------------------------------------------------------------------
                                                Molecular        Temperature        Elements
  Species                  Phase  Charge         weight         Low      High       C       H       N
------------------------------------------------------------------------------------------------------
    1. H2                    G      0            2.016000    300.00   4000.00       0       2       0
    2. CH4                   G      0           16.043000    300.00   4000.00       1       4       0
    3. C2H2                  G      0           26.037999    300.00   4000.00       2       2       0
    4. C2H4                  G      0           28.053999    300.00   4000.00       2       4       0
    5. C2H6                  G      0           30.069999    300.00   4000.00       2       6       0
    6. C3H2                  G      0           38.048999    300.00   4000.00       3       2       0
    7. PC3H4                 G      0           40.064999    300.00   4000.00       3       4       0
    8. AC3H4                 G      0           40.064999    300.00   4000.00       3       4       0
    9. C3H6                  G      0           42.080999    300.00   4000.00       3       6       0
   10. C3H8                  G      0           44.096999    300.00   4000.00       3       8       0
   11. C4H2                  G      0           50.059999    300.00   4000.00       4       2       0
   12. C4H4                  G      0           52.075999    300.00   4000.00       4       4       0
   13. C4H6                  G      0           54.091999    300.00   4000.00       4       6       0
   14. IC4H8                 G      0           56.107999    300.00   4000.00       4       8       0
   15. NC4H8                 G      0           56.107999    300.00   4000.00       4       8       0
   16. CYC5H6                G      0           66.102998    300.00   4000.00       5       6       0
   17. C6H6                  G      0           78.113998    300.00   4000.00       6       6       0
   18. MCPTD                 G      0           80.129998    300.00   4000.00       6       8       0
   19. C10H8                 G      0          128.173997    300.00   4000.00      10       8       0
   20. H                     G      0            1.008000    300.00   4000.00       0       1       0
   21. C                     G      0           12.011000    300.00   4000.00       1       0       0
   22. CH                    G      0           13.019000    300.00   4000.00       1       1       0
   23. CH2                   G      0           14.027000    300.00   4000.00       1       2       0
   24. CH2S                  G      0           14.027000    300.00   4000.00       1       2       0
   25. CH3                   G      0           15.035000    300.00   4000.00       1       3       0
   26. C2H                   G      0           25.029999    300.00   4000.00       2       1       0
   27. C2H3                  G      0           27.045999    300.00   4000.00       2       3       0
   28. C2H5                  G      0           29.061999    300.00   4000.00       2       5       0
   29. C3H3                  G      0           39.056999    300.00   4000.00       3       3       0
   30. CH2CHCH2              G      0           41.072999    300.00   4000.00       3       5       0
   31. CH2CCH3               G      0           41.072999    300.00   4000.00       3       5       0
   32. CHCHCH3               G      0           41.072999    300.00   4000.00       3       5       0
   33. NC3H7                 G      0           43.088999    300.00   4000.00       3       7       0
   34. IC3H7                 G      0           43.088999    300.00   4000.00       3       7       0
   35. C4H3                  G      0           51.067999    300.00   4000.00       4       3       0
   36. C4H5                  G      0           53.083999    300.00   4000.00       4       5       0
   37. SC4H7                 G      0           55.099999    300.00   4000.00       4       7       0
   38. IC4H7                 G      0           55.099999    300.00   4000.00       4       7       0
   39. CH2C3H5               G      0           55.099999    300.00   4000.00       4       7       0
   40. CYC5H5                G      0           65.094998    300.00   4000.00       5       5       0
   41. C6H5                  G      0           77.105998    300.00   4000.00       6       5       0
   42. C7H7                  G      0           91.132998    300.00   4000.00       7       7       0
   43. C7H8                  G      0           92.140998    300.00   4000.00       7       8       0
   44. INDENYL               G      0          115.154997    300.00   4000.00       9       7       0
   45. INDENE                G      0          116.162997    300.00   4000.00       9       8       0
   46. C6H5C2H               G      0          102.135998    300.00   4000.00       8       6       0
   47. C6H5C2H3              G      0          104.151998    300.00   4000.00       8       8       0
   48. N2                    G      0           28.014000    300.00   4000.00       0       0       2
   49. H(S)                  G      0            1.008000    300.00   4000.00       0       1       0
   50. C.(S)                 G      0           12.011000    300.00   4000.00       1       0       0
   51. CHCH.(S)              G      0           26.037999    300.00   4000.00       2       2       0
   52. CH2CH2.(S)            G      0           28.053999    300.00   4000.00       2       4       0
   53. CH2CH2(S)             G      0           28.053999    300.00   4000.00       2       4       0
   54. CH.CH2(S)             G      0           27.045999    300.00   4000.00       2       3       0
   55. P1(S)                 G      0           40.064999    300.00   4000.00       3       4       0
   56. P3(S)                 G      0           42.080999    300.00   4000.00       3       6       0
   57. P4(S)                 G      0           42.080999    300.00   4000.00       3       6       0
   58. P5(S)                 G      0           41.072999    300.00   4000.00       3       5       0
   59. P6(S)                 G      0           40.064999    300.00   4000.00       3       4       0
   60. P7(S)                 G      0           40.064999    300.00   4000.00       3       4       0
   61. C6H6.(S)              G      0           78.113998    300.00   4000.00       6       6       0
   62. C6H6(S)               G      0           78.113998    300.00   4000.00       6       6       0
   63. C6H5#(S)              G      0           77.105998    300.00   4000.00       6       5       0
   64. C6H5.(S)              G      0           77.105998    300.00   4000.00       6       5       0
   65. C10H8.(1)(S)          G      0          128.173997    300.00   4000.00      10       8       0
   66. C10H8(1)(S)           G      0          128.173997    300.00   4000.00      10       8       0
   67. PHENYLAC.1(S)         G      0          102.135998    300.00   4000.00       8       6       0
   68. STYRENE.1(S)          G      0          104.151998    300.00   4000.00       8       8       0
   69. STYRENE1(S)           G      0          104.151998    300.00   4000.00       8       8       0
   70. CCH(S)                G      0           25.029999    300.00   4000.00       2       1       0
   71. CHCH2(S)              G      0           27.045999    300.00   4000.00       2       3       0
   72. CH3(S)                G      0           15.035000    300.00   4000.00       1       3       0
   73. CH2.(S)               G      0           14.027000    300.00   4000.00       1       2       0
   74. CH2C5(S)              G      0           14.027000    300.00   4000.00       1       2       0
   75. CH.C5(S)              G      0           13.019000    300.00   4000.00       1       1       0
   76. CHCH3C5(S)            G      0           28.053999    300.00   4000.00       2       4       0
   77. C.CH3C5(S)            G      0           27.045999    300.00   4000.00       2       3       0
   78. HZ(S)                 G      0            1.008000    300.00   4000.00       0       1       0
   79. C.Z(S)                G      0           12.011000    300.00   4000.00       1       0       0
   80. CHCH.Z(S)             G      0           26.037999    300.00   4000.00       2       2       0
   81. CHCHCH3Z(S)           G      0           41.072999    300.00   4000.00       3       5       0
   82. CHCHCH2.Z(S)          G      0           40.064999    300.00   4000.00       3       4       0
   83. CH2CH2.Z(S)           G      0           28.053999    300.00   4000.00       2       4       0
   84. CH2CH2CH3Z(S)         G      0           43.088999    300.00   4000.00       3       7       0
   85. CH.CH2CH3Z(S)         G      0           42.080999    300.00   4000.00       3       6       0
   86. CH2CH3Z(S)            G      0           29.061999    300.00   4000.00       2       5       0
   87. CH3Z(S)               G      0           15.035000    300.00   4000.00       1       3       0
   88. CH2.Z(S)              G      0           14.027000    300.00   4000.00       1       2       0
   89. CH2CHCH.Z(S)          G      0           40.064999    300.00   4000.00       3       4       0
   90. CH2CH2CH2.Z(S)        G      0           42.080999    300.00   4000.00       3       6       0
   91. CH2BZ(S)              G      0           14.027000    300.00   4000.00       1       2       0
   92. CH2CH2Z(S)            G      0           28.053999    300.00   4000.00       2       4       0
   93. CHCHZ(S)              G      0           26.037999    300.00   4000.00       2       2       0
   94. CH.BZ(S)              G      0           13.019000    300.00   4000.00       1       1       0
   95. CHCH3BZ(S)            G      0           28.053999    300.00   4000.00       2       4       0
   96. C.CH3BZ(S)            G      0           27.045999    300.00   4000.00       2       3       0
   97. CCH2BZ(S)             G      0           26.037999    300.00   4000.00       2       2       0
   98. CCH.BZ(S)             G      0           25.029999    300.00   4000.00       2       1       0
   99. CCHCH3BZ(S)           G      0           40.064999    300.00   4000.00       3       4       0
  100. CCHCH2.BZ(S)          G      0           39.056999    300.00   4000.00       3       3       0
  101. CHC.Z(S)              G      0           25.029999    300.00   4000.00       2       1       0
  102. CHCCH3Z(S)            G      0           40.064999    300.00   4000.00       3       4       0
  103. CHCCH2.Z(S)           G      0           39.056999    300.00   4000.00       3       3       0
  104. CHCCH2C5Z(S)          G      0           39.056999    300.00   4000.00       3       3       0
  105. CHCCH.C5Z(S)          G      0           38.048999    300.00   4000.00       3       2       0
  106. CHCCHCH3C5Z(S)        G      0           53.083999    300.00   4000.00       4       5       0
  107. CHCC.CH3C5Z(S)        G      0           52.075999    300.00   4000.00       4       4       0
  108. CHCCHCH.Z(S)          G      0           51.067999    300.00   4000.00       4       3       0
  109. CHCCH2CH2.Z(S)        G      0           53.083999    300.00   4000.00       4       5       0
  110. CHC.CH3Z(S)           G      0           40.064999    300.00   4000.00       3       4       0
  111. CHCHCH.BZ(S)          G      0           39.056999    300.00   4000.00       3       3       0
  112. CHCH2CH2.BZ(S)        G      0           41.072999    300.00   4000.00       3       5       0
  113. CHCHCHBZ(S)           G      0           39.056999    300.00   4000.00       3       3       0
  114. CHCH2CH2BZ(S)         G      0           41.072999    300.00   4000.00       3       5       0
  115. C(B)                  G      0           12.011000    300.00   4000.00       1       0       0
------------------------------------------------------------------------------------------------------

------------------------------------------------------------------------------------------------------
                                                Molecular        Temperature        Elements
  Species                  Phase  Charge         weight         Low      High       C       H       N
------------------------------------------------------------------------------------------------------
   49. H(S)                  G      0            1.008000    300.00   4000.00       0       1       0
   78. HZ(S)                 G      0            1.008000    300.00   4000.00       0       1       0
   20. H                     G      0            1.008000    300.00   4000.00       0       1       0
    1. H2                    G      0            2.016000    300.00   4000.00       0       2       0
   48. N2                    G      0           28.014000    300.00   4000.00       0       0       2
  115. C(B)                  G      0           12.011000    300.00   4000.00       1       0       0
   25. CH3                   G      0           15.035000    300.00   4000.00       1       3       0
   87. CH3Z(S)               G      0           15.035000    300.00   4000.00       1       3       0
   72. CH3(S)                G      0           15.035000    300.00   4000.00       1       3       0
   73. CH2.(S)               G      0           14.027000    300.00   4000.00       1       2       0
   74. CH2C5(S)              G      0           14.027000    300.00   4000.00       1       2       0
    2. CH4                   G      0           16.043000    300.00   4000.00       1       4       0
   24. CH2S                  G      0           14.027000    300.00   4000.00       1       2       0
   91. CH2BZ(S)              G      0           14.027000    300.00   4000.00       1       2       0
   88. CH2.Z(S)              G      0           14.027000    300.00   4000.00       1       2       0
   21. C                     G      0           12.011000    300.00   4000.00       1       0       0
   79. C.Z(S)                G      0           12.011000    300.00   4000.00       1       0       0
   94. CH.BZ(S)              G      0           13.019000    300.00   4000.00       1       1       0
   22. CH                    G      0           13.019000    300.00   4000.00       1       1       0
   75. CH.C5(S)              G      0           13.019000    300.00   4000.00       1       1       0
   50. C.(S)                 G      0           12.011000    300.00   4000.00       1       0       0
   23. CH2                   G      0           14.027000    300.00   4000.00       1       2       0
   95. CHCH3BZ(S)            G      0           28.053999    300.00   4000.00       2       4       0
   52. CH2CH2.(S)            G      0           28.053999    300.00   4000.00       2       4       0
   71. CHCH2(S)              G      0           27.045999    300.00   4000.00       2       3       0
   53. CH2CH2(S)             G      0           28.053999    300.00   4000.00       2       4       0
   28. C2H5                  G      0           29.061999    300.00   4000.00       2       5       0
   54. CH.CH2(S)             G      0           27.045999    300.00   4000.00       2       3       0
   77. C.CH3C5(S)            G      0           27.045999    300.00   4000.00       2       3       0
   83. CH2CH2.Z(S)           G      0           28.053999    300.00   4000.00       2       4       0
    4. C2H4                  G      0           28.053999    300.00   4000.00       2       4       0
   76. CHCH3C5(S)            G      0           28.053999    300.00   4000.00       2       4       0
   86. CH2CH3Z(S)            G      0           29.061999    300.00   4000.00       2       5       0
   92. CH2CH2Z(S)            G      0           28.053999    300.00   4000.00       2       4       0
  101. CHC.Z(S)              G      0           25.029999    300.00   4000.00       2       1       0
   27. C2H3                  G      0           27.045999    300.00   4000.00       2       3       0
   96. C.CH3BZ(S)            G      0           27.045999    300.00   4000.00       2       3       0
   98. CCH.BZ(S)             G      0           25.029999    300.00   4000.00       2       1       0
   70. CCH(S)                G      0           25.029999    300.00   4000.00       2       1       0
   26. C2H                   G      0           25.029999    300.00   4000.00       2       1       0
   80. CHCH.Z(S)             G      0           26.037999    300.00   4000.00       2       2       0
   51. CHCH.(S)              G      0           26.037999    300.00   4000.00       2       2       0
    3. C2H2                  G      0           26.037999    300.00   4000.00       2       2       0
   97. CCH2BZ(S)             G      0           26.037999    300.00   4000.00       2       2       0
   93. CHCHZ(S)              G      0           26.037999    300.00   4000.00       2       2       0
    5. C2H6                  G      0           30.069999    300.00   4000.00       2       6       0
   30. CH2CHCH2              G      0           41.072999    300.00   4000.00       3       5       0
   33. NC3H7                 G      0           43.088999    300.00   4000.00       3       7       0
   31. CH2CCH3               G      0           41.072999    300.00   4000.00       3       5       0
   32. CHCHCH3               G      0           41.072999    300.00   4000.00       3       5       0
   10. C3H8                  G      0           44.096999    300.00   4000.00       3       8       0
   81. CHCHCH3Z(S)           G      0           41.072999    300.00   4000.00       3       5       0
  110. CHC.CH3Z(S)           G      0           40.064999    300.00   4000.00       3       4       0
  114. CHCH2CH2BZ(S)         G      0           41.072999    300.00   4000.00       3       5       0
  112. CHCH2CH2.BZ(S)        G      0           41.072999    300.00   4000.00       3       5       0
   34. IC3H7                 G      0           43.088999    300.00   4000.00       3       7       0
   58. P5(S)                 G      0           41.072999    300.00   4000.00       3       5       0
   85. CH.CH2CH3Z(S)         G      0           42.080999    300.00   4000.00       3       6       0
   56. P3(S)                 G      0           42.080999    300.00   4000.00       3       6       0
   84. CH2CH2CH3Z(S)         G      0           43.088999    300.00   4000.00       3       7       0
    9. C3H6                  G      0           42.080999    300.00   4000.00       3       6       0
   57. P4(S)                 G      0           42.080999    300.00   4000.00       3       6       0
   90. CH2CH2CH2.Z(S)        G      0           42.080999    300.00   4000.00       3       6       0
   99. CCHCH3BZ(S)           G      0           40.064999    300.00   4000.00       3       4       0
  105. CHCCH.C5Z(S)          G      0           38.048999    300.00   4000.00       3       2       0
    6. C3H2                  G      0           38.048999    300.00   4000.00       3       2       0
   29. C3H3                  G      0           39.056999    300.00   4000.00       3       3       0
  100. CCHCH2.BZ(S)          G      0           39.056999    300.00   4000.00       3       3       0
  103. CHCCH2.Z(S)           G      0           39.056999    300.00   4000.00       3       3       0
  104. CHCCH2C5Z(S)          G      0           39.056999    300.00   4000.00       3       3       0
  111. CHCHCH.BZ(S)          G      0           39.056999    300.00   4000.00       3       3       0
  113. CHCHCHBZ(S)           G      0           39.056999    300.00   4000.00       3       3       0
   89. CH2CHCH.Z(S)          G      0           40.064999    300.00   4000.00       3       4       0
    7. PC3H4                 G      0           40.064999    300.00   4000.00       3       4       0
    8. AC3H4                 G      0           40.064999    300.00   4000.00       3       4       0
  102. CHCCH3Z(S)            G      0           40.064999    300.00   4000.00       3       4       0
   59. P6(S)                 G      0           40.064999    300.00   4000.00       3       4       0
   82. CHCHCH2.Z(S)          G      0           40.064999    300.00   4000.00       3       4       0
   60. P7(S)                 G      0           40.064999    300.00   4000.00       3       4       0
   55. P1(S)                 G      0           40.064999    300.00   4000.00       3       4       0
   38. IC4H7                 G      0           55.099999    300.00   4000.00       4       7       0
   39. CH2C3H5               G      0           55.099999    300.00   4000.00       4       7       0
   37. SC4H7                 G      0           55.099999    300.00   4000.00       4       7       0
   13. C4H6                  G      0           54.091999    300.00   4000.00       4       6       0
  107. CHCC.CH3C5Z(S)        G      0           52.075999    300.00   4000.00       4       4       0
   36. C4H5                  G      0           53.083999    300.00   4000.00       4       5       0
  108. CHCCHCH.Z(S)          G      0           51.067999    300.00   4000.00       4       3       0
   11. C4H2                  G      0           50.059999    300.00   4000.00       4       2       0
   35. C4H3                  G      0           51.067999    300.00   4000.00       4       3       0
   14. IC4H8                 G      0           56.107999    300.00   4000.00       4       8       0
   15. NC4H8                 G      0           56.107999    300.00   4000.00       4       8       0
  106. CHCCHCH3C5Z(S)        G      0           53.083999    300.00   4000.00       4       5       0
  109. CHCCH2CH2.Z(S)        G      0           53.083999    300.00   4000.00       4       5       0
   12. C4H4                  G      0           52.075999    300.00   4000.00       4       4       0
   16. CYC5H6                G      0           66.102998    300.00   4000.00       5       6       0
   40. CYC5H5                G      0           65.094998    300.00   4000.00       5       5       0
   18. MCPTD                 G      0           80.129998    300.00   4000.00       6       8       0
   17. C6H6                  G      0           78.113998    300.00   4000.00       6       6       0
   41. C6H5                  G      0           77.105998    300.00   4000.00       6       5       0
   63. C6H5#(S)              G      0           77.105998    300.00   4000.00       6       5       0
   64. C6H5.(S)              G      0           77.105998    300.00   4000.00       6       5       0
   62. C6H6(S)               G      0           78.113998    300.00   4000.00       6       6       0
   61. C6H6.(S)              G      0           78.113998    300.00   4000.00       6       6       0
   43. C7H8                  G      0           92.140998    300.00   4000.00       7       8       0
   42. C7H7                  G      0           91.132998    300.00   4000.00       7       7       0
   46. C6H5C2H               G      0          102.135998    300.00   4000.00       8       6       0
   69. STYRENE1(S)           G      0          104.151998    300.00   4000.00       8       8       0
   47. C6H5C2H3              G      0          104.151998    300.00   4000.00       8       8       0
   67. PHENYLAC.1(S)         G      0          102.135998    300.00   4000.00       8       6       0
   68. STYRENE.1(S)          G      0          104.151998    300.00   4000.00       8       8       0
   44. INDENYL               G      0          115.154997    300.00   4000.00       9       7       0
   45. INDENE                G      0          116.162997    300.00   4000.00       9       8       0
   19. C10H8                 G      0          128.173997    300.00   4000.00      10       8       0
   65. C10H8.(1)(S)          G      0          128.173997    300.00   4000.00      10       8       0
   66. C10H8(1)(S)           G      0          128.173997    300.00   4000.00      10       8       0
------------------------------------------------------------------------------------------------------

---------------------------------------------------------------------------------------
                                SURFACE MECHANISM                                    
---------------------------------------------------------------------------------------

       Number of materials:       1
       Number of site phases:     1
       Number of bulk phases:     1
       Number of surface species: 66
       Number of bulk species:    1

       Materials: 
       SOLID

       ------------------------------------------------------------------------------------------------------------------
       Site phases:        density[mol/cm2]     sites      global-index   local-index   internal-index
       ------------------------------------------------------------------------------------------------------------------
       1. CARBON           1.328460e-09     
             H(S)                             1.000000         49             1              1              
             C.(S)                            1.000000         50             2              2              
             CHCH.(S)                         1.000000         51             3              3              
             CH2CH2.(S)                       1.000000         52             4              4              
             CH2CH2(S)                        1.000000         53             5              5              
             CH.CH2(S)                        1.000000         54             6              6              
             p1(S)                            1.000000         55             7              7              
             p3(S)                            1.000000         56             8              8              
             p4(S)                            1.000000         57             9              9              
             p5(S)                            1.000000         58             10             10             
             p6(S)                            1.000000         59             11             11             
             p7(S)                            1.000000         60             12             12             
             C6H6.(S)                         1.000000         61             13             13             
             C6H6(S)                          1.000000         62             14             14             
             C6H5#(S)                         1.000000         63             15             15             
             C6H5.(S)                         1.000000         64             16             16             
             C10H8.(1)(S)                     1.000000         65             17             17             
             C10H8(1)(S)                      1.000000         66             18             18             
             phenylac.1(S)                     1.000000         67             19             19             
             styrene.1(S)                     1.000000         68             20             20             
             styrene1(S)                      1.000000         69             21             21             
             CCH(S)                           1.000000         70             22             22             
             CHCH2(S)                         1.000000         71             23             23             
             CH3(S)                           1.000000         72             24             24             
             CH2.(S)                          1.000000         73             25             25             
             CH2c5(S)                         1.000000         74             26             26             
             CH.c5(S)                         1.000000         75             27             27             
             CHCH3c5(S)                       1.000000         76             28             28             
             C.CH3c5(S)                       1.000000         77             29             29             
             Hz(S)                            1.000000         78             30             30             
             C.z(S)                           1.000000         79             31             31             
             CHCH.z(S)                        1.000000         80             32             32             
             CHCHCH3z(S)                      1.000000         81             33             33             
             CHCHCH2.z(S)                     1.000000         82             34             34             
             CH2CH2.z(S)                      1.000000         83             35             35             
             CH2CH2CH3z(S)                     1.000000         84             36             36             
             CH.CH2CH3z(S)                     1.000000         85             37             37             
             CH2CH3z(S)                       1.000000         86             38             38             
             CH3z(S)                          1.000000         87             39             39             
             CH2.z(S)                         1.000000         88             40             40             
             CH2CHCH.z(S)                     1.000000         89             41             41             
             CH2CH2CH2.z(S)                     1.000000         90             42             42             
             CH2Bz(S)                         1.000000         91             43             43             
             CH2CH2z(S)                       1.000000         92             44             44             
             CHCHz(S)                         1.000000         93             45             45             
             CH.Bz(S)                         1.000000         94             46             46             
             CHCH3Bz(S)                       1.000000         95             47             47             
             C.CH3Bz(S)                       1.000000         96             48             48             
             CCH2Bz(S)                        1.000000         97             49             49             
             CCH.Bz(S)                        1.000000         98             50             50             
             CCHCH3Bz(S)                      1.000000         99             51             51             
             CCHCH2.Bz(S)                     1.000000         100            52             52             
             CHC.z(S)                         1.000000         101            53             53             
             CHCCH3z(S)                       1.000000         102            54             54             
             CHCCH2.z(S)                      1.000000         103            55             55             
             CHCCH2c5z(S)                     1.000000         104            56             56             
             CHCCH.c5z(S)                     1.000000         105            57             57             
             CHCCHCH3c5z(S)                     1.000000         106            58             58             
             CHCC.CH3c5z(S)                     1.000000         107            59             59             
             CHCCHCH.z(S)                     1.000000         108            60             60             
             CHCCH2CH2.z(S)                     1.000000         109            61             61             
             CHC.CH3z(S)                      1.000000         110            62             62             
             CHCHCH.Bz(S)                     1.000000         111            63             63             
             CHCH2CH2.Bz(S)                     1.000000         112            64             64             
             CHCHCHBz(S)                      1.000000         113            65             65             
             CHCH2CH2Bz(S)                     1.000000         114            66             66             

       ------------------------------------------------------------------------------------------------------------------
       Bulk phases:        density[g/cm3]     global-index   local-index   internal-index
       ------------------------------------------------------------------------------------------------------------------
       1. BULK1            
             C(B)        2.000000         115            1              1              

--------------------------------------------------------------------------------------------------------
                                  CHEMICAL REACTIONS                                                  

                         Units: [kmol, m3, s] and [cal/mol]                                           
--------------------------------------------------------------------------------------------------------


      1. H + H(S) + C(B)  => H2 + C.(S) 
         k:       5.000000e+04	    1.80      16800.00


      2. H2 + C.(S)  => H + H(S) + C(B) 
         k:       1.450000e+04	    1.80       8734.00


      3. CH3 + H(S) + C(B)  => CH4 + C.(S) 
         k:       6.660000e+08	    0.00      15000.00


      4. CH4 + C.(S)  => CH3 + H(S) + C(B) 
         k:       1.470000e+09	    0.00       7370.00


      5. C2H3 + H(S) + C(B)  => C2H4 + C.(S) 
         k:       1.000000e+08	    0.00      13000.00


      6. C2H4 + C.(S)  => C2H3 + H(S) + C(B) 
         k:       4.720000e+08	    0.00       9866.00


      7. C2H5 + H(S) + C(B)  => C2H6 + C.(S) 
         k:       1.000000e+08	    0.00      15000.00


      8. C2H6 + C.(S)  => C2H5 + H(S) + C(B) 
         k:       5.100000e+08	    0.00       2608.00


      9. C4H3 + H(S) + C(B)  => C4H4 + C.(S) 
         k:       1.050000e+08	    0.00      20000.00


     10. C4H4 + C.(S)  => C4H3 + H(S) + C(B) 
         k:       8.010000e+09	    0.00       -620.00


     11. CH2CHCH2 + H(S) + C(B)  => C3H6 + C.(S) 
         k:       1.050000e+08	    0.00      20000.00


     12. C3H6 + C.(S)  => CH2CHCH2 + H(S) + C(B) 
         k:       4.540000e+07	    0.00      -5888.00


     13. C7H7 + H(S) + C(B)  => C7H8 + C.(S) 
         k:       7.630000e+10	    0.00      35866.00


     14. C7H8 + C.(S)  => C7H7 + H(S) + C(B) 
         k:       7.900000e+10	    0.00      12000.00


     15. INDENYL + H(S) + C(B)  => INDENE + C.(S) 
         k:       6.400000e+10	    0.00      42637.00


     16. INDENE + C.(S)  => INDENYL + H(S) + C(B) 
         k:       1.000000e+11	    0.00      12000.00


     17. H(S) + C(B)  => H + C.(S) 
         k:       1.780000e+16	    0.00     112512.00


     18. H + C.(S)  => H(S) + C(B) 
         k:       1.000000e+11	    0.00          0.00


     19. C2H2 + C.(S)  => CHCH.(S) + C(B) 
         k:       4.150000e+19	   -2.70      17464.00


     20. CHCH.(S) + C(B)  => C2H2 + C.(S) 
         k:       3.010000e+46	  -10.50      50746.00


     21. CHCH.(S)  => 2H(S) + 2C(B) 
         k:       2.300000e+11	    0.00        400.00
         Coverage dependent parameters for species H(S): 
                  0.00	1.00	0.00	


     22. H(S)  => H 
         k:       2.300000e+11	    0.00        400.00
         Coverage dependent parameters for species CHCH.(S): 
                  0.00	1.00	0.00	


     23. CHCH.(S)  => 2H(S) + 2C(B) 
         k:       8.130000e+09	    0.10       2090.00
         Coverage dependent parameters for species C.(S): 
                  0.00	1.00	0.00	


     24. C.(S)  => C(B) 
         k:       8.130000e+09	    0.10       2090.00
         Coverage dependent parameters for species CHCH.(S): 
                  0.00	1.00	0.00	


     25. C2H4 + C.(S)  => CH2CH2.(S) + C(B) 
         k:       1.250000e+09	    0.00       6200.00


     26. CH2CH2.(S) + C(B)  => C2H4 + C.(S) 
         k:       3.010000e+46	  -10.50      50746.00


     27. CH2CH2.(S)  => CH2CH2(S) 
         k:       2.300000e+11	    0.00        400.00
         Coverage dependent parameters for species H(S): 
                  0.00	1.00	0.00	


     28. H(S)  => H 
         k:       2.300000e+11	    0.00        400.00
         Coverage dependent parameters for species CH2CH2.(S): 
                  0.00	1.00	0.00	


     29. H + CH2CH2(S)  => H2 + CH.CH2(S) 
         k:       1.100000e+02	    2.50      -1900.00


     30. H2 + CH.CH2(S)  => H + CH2CH2(S) 
         k:       8.990000e+00	    2.50      26362.00


     31. CH3 + CH2CH2(S)  => CH4 + CH.CH2(S) 
         k:       2.000000e+08	    0.00       7300.00


     32. CH4 + CH.CH2(S)  => CH3 + CH2CH2(S) 
         k:       5.000000e+08	    0.00      35992.00


     33. CH2CH2(S)  => H + CH.CH2(S) 
         k:       2.600000e+14	    0.00      77100.00


     34. H + CH.CH2(S)  => CH2CH2(S) 
         k:       4.970000e+09	    0.00        915.50


     35. CH2CH2(S)  => H2 + 2H(S) + 2C(B) 
         k:       2.510000e+13	    0.00      59034.00


     36. CH.CH2(S)  => H + 2H(S) + 2C(B) 
         k:       4.960000e+11	    0.00      20733.00


     37. PC3H4 + C.(S)  => p1(S) + C(B) 
         k:       8.300000e+19	   -2.70      17464.00


     38. p1(S) + C(B)  => PC3H4 + C.(S) 
         k:       3.010000e+46	  -10.50      50746.00


     39. p1(S)  => H(S) + CH3(S) + 2C(B) 
         k:       2.300000e+11	    0.00        400.00
         Coverage dependent parameters for species H(S): 
                  0.00	1.00	0.00	


     40. H(S)  => H 
         k:       2.300000e+11	    0.00        400.00
         Coverage dependent parameters for species p1(S): 
                  0.00	1.00	0.00	


     41. C3H6 + C.(S)  => p3(S) + C(B) 
         k:       2.500000e+09	    0.00       6200.00


     42. p3(S)  => p4(S) 
         k:       2.300000e+11	    0.00        400.00
         Coverage dependent parameters for species H(S): 
                  0.00	1.00	0.00	


     43. H(S)  => H 
         k:       2.300000e+11	    0.00        400.00
         Coverage dependent parameters for species p3(S): 
                  0.00	1.00	0.00	


     44. H + p4(S)  => H2 + p5(S) 
         k:       1.100000e+02	    2.50      -1900.00


     45. H2 + p5(S)  => H + p4(S) 
         k:       8.990000e+00	    2.50      26362.00


     46. CH3 + p4(S)  => CH4 + p5(S) 
         k:       2.000000e+08	    0.00       7300.00


     47. CH4 + p5(S)  => CH3 + p4(S) 
         k:       5.000000e+08	    0.00      35922.00


     48. p4(S)  => H + p5(S) 
         k:       2.600000e+14	    0.00      77100.00


     49. H + p5(S)  => p4(S) 
         k:       4.970000e+09	    0.00        915.00


     50. p5(S)  => H + H(S) + CH3(S) + 2C(B) 
         k:       4.960000e+11	    0.00      20733.00


     51. p5(S)  => CH3 + 2H(S) + 2C(B) 
         k:       1.200000e+13	   -0.10      30200.00


     52. AC3H4 + C.(S)  => p6(S) + C(B) 
         k:       2.500000e+09	    0.00       6200.00


     53. p6(S)  => p7(S) 
         k:       2.300000e+11	    0.00        400.00
         Coverage dependent parameters for species H(S): 
                  0.00	1.00	0.00	


     54. H(S)  => H 
         k:       2.300000e+11	    0.00        400.00
         Coverage dependent parameters for species p6(S): 
                  0.00	1.00	0.00	


     55. H + p7(S)  => H2 + H(S) + CH2.(S) + 2C(B) 
         k:       1.100000e+02	    2.50      -1900.00


     56. CH3 + p7(S)  => CH4 + H(S) + CH2.(S) + 2C(B) 
         k:       2.000000e+08	    0.00       7300.00


     57. p7(S)  => H + H(S) + CH2.(S) + 2C(B) 
         k:       2.600000e+14	    0.00      77100.00


     58. C6H6 + C.(S)  => C6H6.(S) + C(B) 
         k:       3.260000e+09	    0.00       6400.00


     59. C6H6.(S) + C(B)  => C6H6 + C.(S) 
         k:       3.010000e+46	  -10.50      50746.00


     60. C6H6.(S)  => C6H6(S) 
         k:       2.300000e+11	    0.00        400.00
         Coverage dependent parameters for species H(S): 
                  0.00	1.00	0.00	


     61. H(S)  => H 
         k:       2.300000e+11	    0.00        400.00
         Coverage dependent parameters for species C6H6.(S): 
                  0.00	1.00	0.00	


     62. H + C6H6(S)  => H2 + C6H5.(S) 
         k:       1.100000e+02	    2.50      -1900.00


     63. H2 + C6H5.(S)  => H + C6H6(S) 
         k:       8.990000e+00	    2.50      26362.00


     64. CH3 + C6H6(S)  => CH4 + C6H5.(S) 
         k:       2.000000e+08	    0.00       7300.00


     65. CH4 + C6H5.(S)  => CH3 + C6H6(S) 
         k:       5.000000e+08	    0.00      35992.00


     66. C6H6(S)  => H + C6H5.(S) 
         k:       2.600000e+14	    0.00      77100.00


     67. H + C6H5.(S)  => C6H6(S) 
         k:       4.970000e+09	    0.00        915.50


     68. C6H5.(S)  => H + 4H(S) + 6C(B) 
         k:       4.960000e+11	    0.00      20733.00


     69. C6H5 + C.(S)  => C6H5#(S) + C(B) 
         k:       3.000000e+09	    0.00          0.00


     70. C6H5#(S) + C(B)  => C6H5 + C.(S) 
         k:       4.300000e+15	    0.00     112695.00


     71. C6H5#(S)  => C6H5.(S) 
         k:       2.300000e+11	    0.00        400.00
         Coverage dependent parameters for species C.(S): 
                  0.00	1.00	0.00	


     72. C.(S)  => C(B) 
         k:       2.300000e+11	    0.00        400.00
         Coverage dependent parameters for species C6H5#(S): 
                  0.00	1.00	0.00	


     73. C10H8 + C.(S)  => C10H8.(1)(S) + C(B) 
         k:       3.260000e+09	    0.00       6400.00


     74. C10H8.(1)(S)  => C10H8(1)(S) 
         k:       2.300000e+11	    0.00        400.00
         Coverage dependent parameters for species H(S): 
                  0.00	1.00	0.00	


     75. H(S)  => H 
         k:       2.300000e+11	    0.00        400.00
         Coverage dependent parameters for species C10H8.(1)(S): 
                  0.00	1.00	0.00	


     76. C10H8(1)(S)  => H2 + 6H(S) + 10C(B) 
         k:       2.510000e+13	    0.00      59034.00


     77. C6H5C2H + C.(S)  => phenylac.1(S) + C(B) 
         k:       8.300000e+19	   -2.70      17464.00


     78. phenylac.1(S)  => H(S) + C6H5#(S) + 2C(B) 
         k:       2.300000e+11	    0.00        400.00


     79. H(S)  => H 
         k:       2.300000e+11	    0.00        400.00
         Coverage dependent parameters for species phenylac.1(S): 
                  0.00	1.00	0.00	


     80. C6H5C2H3 + C.(S)  => styrene.1(S) + C(B) 
         k:       2.500000e+09	    0.00       6200.00


     81. styrene.1(S)  => styrene1(S) 
         k:       2.300000e+11	    0.00        400.00
         Coverage dependent parameters for species H(S): 
                  0.00	1.00	0.00	


     82. H(S)  => H 
         k:       2.300000e+11	    0.00        400.00
         Coverage dependent parameters for species styrene.1(S): 
                  0.00	1.00	0.00	


     83. styrene1(S)  => H2 + H(S) + C6H5#(S) + 2C(B) 
         k:       2.510000e+13	    0.00      59034.00


     84. C2H + C.(S)  => CCH(S) + C(B) 
         k:       2.810000e+09	    0.00          0.00


     85. CCH(S) + C(B)  => C2H + C.(S) 
         k:       3.780000e+15	    0.00     138500.00


     86. C2H + H(S)  => H + CCH(S) 
         k:       1.320000e+08	    0.00       6400.00


     87. H + CCH(S)  => C2H + H(S) 
         k:       3.590000e+09	    0.00      28580.00


     88. CCH(S)  => H(S) + C.(S) + C(B) 
         k:       2.300000e+11	    0.00        400.00
         Coverage dependent parameters for species C.(S): 
                  0.00	1.00	0.00	


     89. C.(S)  => C(B) 
         k:       2.300000e+11	    0.00        400.00
         Coverage dependent parameters for species CCH(S): 
                  0.00	1.00	0.00	


     90. C2H3 + C.(S)  => CHCH2(S) + C(B) 
         k:       5.000000e+09	    0.00          0.00


     91. CHCH2(S) + C(B)  => C2H3 + C.(S) 
         k:       7.510000e+15	    0.00     111255.00


     92. C2H3 + H(S)  => H + CHCH2(S) 
         k:       1.320000e+08	    0.00       6400.00


     93. H + CHCH2(S)  => C2H3 + H(S) 
         k:       6.680000e+09	    0.00       5143.00


     94. CHCH2(S)  => CH.CH2(S) 
         k:       2.300000e+11	    0.00        400.00
         Coverage dependent parameters for species C.(S): 
                  0.00	1.00	0.00	


     95. C.(S)  => C(B) 
         k:       2.300000e+11	    0.00        400.00
         Coverage dependent parameters for species CHCH2(S): 
                  0.00	1.00	0.00	


     96. H + CHCH2(S)  => H2 + CHCH.(S) 
         k:       2.050000e+04	    1.90      12950.00


     97. H2 + CHCH.(S)  => H + CHCH2(S) 
         k:       1.560000e+03	    1.90       8018.00


     98. CH3 + CHCH2(S)  => CH4 + CHCH.(S) 
         k:       3.150000e+08	    0.00      16000.00


     99. CH4 + CHCH.(S)  => CH3 + CHCH2(S) 
         k:       5.890000e+08	    0.00      11498.00


    100. CH3 + C.(S)  => CH3(S) + C(B) 
         k:       3.000000e+10	    0.00          0.00


    101. CH3(S) + C(B)  => CH3 + C.(S) 
         k:       1.040000e+16	    0.00      99658.00


    102. CH3 + H(S)  => H + CH3(S) 
         k:       7.500000e+09	    0.00      20954.00


    103. H + CH3(S)  => CH3 + H(S) 
         k:       1.740000e+11	    0.00       8100.00


    104. H + CH3(S)  => H2 + CH2.(S) 
         k:       3.400000e-01	    3.40       3100.00


    105. H2 + CH2.(S)  => H + CH3(S) 
         k:       4.750000e-02	    3.40      18901.00


    106. CH3 + CH3(S)  => CH4 + CH2.(S) 
         k:       1.600000e+09	    0.00      11000.00


    107. CH4 + CH2.(S)  => CH3 + CH3(S) 
         k:       6.830000e+09	    0.00      27331.00


    108. CH3(S)  => H + CH2.(S) 
         k:       1.530000e+15	    0.00      88645.00


    109. H + CH2.(S)  => CH3(S) 
         k:       5.000000e+10	    0.00          0.00


    110. 2CH2.(S)  => CH2CH2(S) 
         k:       8.130000e+09	    0.10       2090.00
         Reaction order of species CH2.(S)            equal to 1.0000


    111. CH2.(S) + C(B)  => H2 + 2C(B) 
         k:       8.130000e+09	    0.10       2090.00


    112. CH2.(S)  => CH2c5(S) 
         k:       3.600000e+11	    0.00      14300.00
         Coverage dependent parameters for species H(S): 
                  0.00	1.00	0.00	


    113. H(S)  => H 
         k:       3.600000e+11	    0.00      14300.00
         Coverage dependent parameters for species CH2.(S): 
                  0.00	1.00	0.00	


    114. H + CH2c5(S)  => H2 + CH.c5(S) 
         k:       2.200000e+05	    1.80       3000.00


    115. H2 + CH.c5(S)  => H + CH2c5(S) 
         k:       1.040000e+04	    1.80      24000.00


    116. CH3 + CH2c5(S)  => CH4 + CH.c5(S) 
         k:       3.100000e+08	    0.00       5500.00


    117. CH4 + CH.c5(S)  => CH3 + CH2c5(S) 
         k:       4.500000e+08	    0.00      26984.00


    118. CH2c5(S)  => H + CH.c5(S) 
         k:       9.000000e+15	    0.00      83482.00


    119. H + CH.c5(S)  => CH2c5(S) 
         k:       2.000000e+10	    0.00          0.00


    120. CH3 + CH.c5(S)  => CHCH3c5(S) 
         k:       1.000000e+10	    0.00          0.00


    121. CHCH3c5(S)  => CH3 + CH.c5(S) 
         k:       1.450000e+16	    0.00      70118.00


    122. H + CHCH3c5(S)  => H2 + C.CH3c5(S) 
         k:       2.200000e+05	    1.80       3000.00


    123. H2 + C.CH3c5(S)  => H + CHCH3c5(S) 
         k:       2.360000e+04	    1.80      31305.00


    124. CH3 + CHCH3c5(S)  => CH4 + C.CH3c5(S) 
         k:       3.100000e+08	    0.00       5500.00


    125. CH4 + C.CH3c5(S)  => CH3 + CHCH3c5(S) 
         k:       1.020000e+09	    0.00      34236.00


    126. CHCH3c5(S)  => H + C.CH3c5(S) 
         k:       4.000000e+15	    0.00      76140.00


    127. H + C.CH3c5(S)  => CHCH3c5(S) 
         k:       1.000000e+11	    0.00          0.00


    128. C.CH3c5(S)  => H + 2H(S) + 2C(B) 
         k:       3.000000e+13	    0.00      51500.00


    129. C.CH3c5(S)  => CH.CH2(S) 
         k:       5.540000e+10	    0.00      30474.00


    130. CH3 + CH2c5(S)  => H + CHCH3c5(S) 
         k:       5.730000e+08	    0.00      14563.00


    131. H + CHCH3c5(S)  => CH3 + CH2c5(S) 
         k:       1.000000e+10	    0.00       1200.00


    132. H + Hz(S) + C(B)  => H2 + C.z(S) 
         k:       5.000000e+04	    1.80      16800.00


    133. H2 + C.z(S)  => H + Hz(S) + C(B) 
         k:       1.450000e+04	    1.80       8734.00


    134. CH3 + Hz(S) + C(B)  => CH4 + C.z(S) 
         k:       6.660000e+08	    0.00      15000.00


    135. CH4 + C.z(S)  => CH3 + Hz(S) + C(B) 
         k:       1.470000e+09	    0.00       7370.00


    136. Hz(S) + C(B)  => H + C.z(S) 
         k:       1.780000e+16	    0.00     112512.00


    137. H + C.z(S)  => Hz(S) + C(B) 
         k:       1.000000e+11	    0.00          0.00


    138. C2H2 + C.z(S)  => CHCH.z(S) + C(B) 
         k:       4.150000e+19	   -2.70      17464.00


    139. CHCH.z(S) + C(B)  => C2H2 + C.z(S) 
         k:       3.010000e+46	  -10.50      50746.00


    140. CH3 + CHCH.z(S)  => CHCHCH3z(S) 
         k:       6.260000e+09	    0.00          0.00


    141. CHCHCH3z(S)  => CH3 + CHCH.z(S) 
         k:       9.120000e+14	    0.00      97540.00


    142. H + CHCHCH3z(S)  => H2 + CHCHCH2.z(S) 
         k:       1.700000e+02	    2.50       2490.00


    143. H2 + CHCHCH2.z(S)  => H + CHCHCH3z(S) 
         k:       5.680000e+01	    2.50      20312.00


    144. CH3 + CHCHCH3z(S)  => CH4 + CHCHCH2.z(S) 
         k:       2.200000e-03	    3.50       5675.00


    145. CH4 + CHCHCH2.z(S)  => CH3 + CHCHCH3z(S) 
         k:       2.250000e-02	    3.50      23928.00


    146. CHCHCH3z(S)  => H + CHCHCH2.z(S) 
         k:       2.180000e+15	    0.00      86629.00


    147. H + CHCHCH2.z(S)  => CHCHCH3z(S) 
         k:       1.800000e+10	    0.00          0.00


    148. CHCHCH2.z(S)  => CH2Bz(S) + CHCHz(S) 
         k:       2.300000e+11	    0.00        400.00
         Coverage dependent parameters for species Hz(S): 
                  0.00	1.00	0.00	


    149. Hz(S)  => H 
         k:       2.300000e+11	    0.00        400.00
         Coverage dependent parameters for species CHCHCH2.z(S): 
                  0.00	1.00	0.00	


    150. C2H4 + C.z(S)  => CH2CH2.z(S) + C(B) 
         k:       1.250000e+09	    0.00       6200.00


    151. CH2CH2.z(S) + C(B)  => C2H4 + C.z(S) 
         k:       3.010000e+46	  -10.50      50746.00


    152. CH3 + CH2CH2.z(S)  => CH2CH2CH3z(S) 
         k:       6.450000e+09	    0.00          0.00


    153. CH2CH2CH3z(S)  => CH3 + CH2CH2.z(S) 
         k:       5.540000e+14	    0.00      84480.00


    154. H + CH2CH2CH3z(S)  => H2 + CH.CH2CH3z(S) 
         k:       3.790000e+11	    0.00      12359.00


    155. H2 + CH.CH2CH3z(S)  => H + CH2CH2CH3z(S) 
         k:       5.170000e+10	    0.00      32149.00


    156. CH2CH2CH3z(S)  => H + CH.CH2CH3z(S) 
         k:       3.210000e+15	    0.00      84665.00


    157. H + CH.CH2CH3z(S)  => CH2CH2CH3z(S) 
         k:       1.000000e+11	    0.00          0.00


    158. CH.CH2CH3z(S)  => H + CHCHCH3z(S) 
         k:       1.000000e+14	    0.00      51500.00


    159. H + CHCHCH3z(S)  => CH.CH2CH3z(S) 
         k:       3.120000e+10	    0.00       4347.00


    160. CH3 + CH2.z(S)  => CH2CH3z(S) 
         k:       5.000000e+09	    0.00          0.00


    161. CH2CH3z(S)  => CH3 + CH2.z(S) 
         k:       3.380000e+15	    0.00      73551.00


    162. H + CH2CH3z(S)  => H2 + CH2CH2.z(S) 
         k:       7.000000e+05	    1.50       7400.00


    163. H2 + CH2CH2.z(S)  => H + CH2CH3z(S) 
         k:       9.960000e+04	    1.50      11725.00


    164. CH3 + CH2CH3z(S)  => CH4 + CH2CH2.z(S) 
         k:       7.500000e-11	    6.00       5800.00


    165. CH4 + CH2CH2.z(S)  => CH3 + CH2CH3z(S) 
         k:       1.300000e-10	    6.00      10556.00


    166. CH2CH3z(S)  => H + CH2CH2.z(S) 
         k:       9.900000e+13	    0.00     100140.00


    167. H + CH2CH2.z(S)  => CH2CH3z(S) 
         k:       3.340000e+09	    0.00          0.00


    168. CH3 + C.z(S)  => CH3z(S) + C(B) 
         k:       3.000000e+10	    0.00          0.00


    169. CH3z(S) + C(B)  => CH3 + C.z(S) 
         k:       1.040000e+16	    0.00      99658.00


    170. CH3 + Hz(S)  => H + CH3z(S) 
         k:       7.500000e+09	    0.00      20954.00


    171. H + CH3z(S)  => CH3 + Hz(S) 
         k:       1.740000e+11	    0.00       8100.00


    172. H + CH3z(S)  => H2 + CH2.z(S) 
         k:       3.400000e-01	    3.40       3100.00


    173. H2 + CH2.z(S)  => H + CH3z(S) 
         k:       4.750000e-02	    3.40      18901.00


    174. CH3 + CH3z(S)  => CH4 + CH2.z(S) 
         k:       1.600000e+09	    0.00      11000.00


    175. CH4 + CH2.z(S)  => CH3 + CH3z(S) 
         k:       6.830000e+09	    0.00      27331.00


    176. CH3z(S)  => H + CH2.z(S) 
         k:       1.530000e+15	    0.00      88645.00


    177. H + CH2.z(S)  => CH3z(S) 
         k:       5.000000e+10	    0.00          0.00


    178. C2H2 + CH2.z(S)  => CH2CHCH.z(S) 
         k:       3.200000e+10	    0.00      24480.00


    179. CH2CHCH.z(S)  => CH2Bz(S) + CHCHz(S) 
         k:       2.300000e+11	    0.00        400.00
         Coverage dependent parameters for species Hz(S): 
                  0.00	1.00	0.00	


    180. Hz(S)  => H 
         k:       2.300000e+11	    0.00        400.00
         Coverage dependent parameters for species CH2CHCH.z(S): 
                  0.00	1.00	0.00	


    181. C2H4 + CH2.z(S)  => CH2CH2CH2.z(S) 
         k:       3.200000e+10	    0.00      28480.00


    182. CH2CH2CH2.z(S)  => CH2Bz(S) + CH2CH2z(S) 
         k:       2.300000e+11	    0.00        400.00
         Coverage dependent parameters for species Hz(S): 
                  0.00	1.00	0.00	


    183. Hz(S)  => H 
         k:       2.300000e+11	    0.00        400.00
         Coverage dependent parameters for species CH2CH2CH2.z(S): 
                  0.00	1.00	0.00	


    184. CH2CH2z(S)  => H2 + CHCHz(S) 
         k:       2.510000e+13	    0.00      59034.00


    185. H + CH2Bz(S)  => H2 + CH.Bz(S) 
         k:       2.200000e+05	    1.80       3000.00


    186. H2 + CH.Bz(S)  => H + CH2Bz(S) 
         k:       1.040000e+04	    1.80      24000.00


    187. CH3 + CH2Bz(S)  => CH4 + CH.Bz(S) 
         k:       3.100000e+08	    0.00       5500.00


    188. CH4 + CH.Bz(S)  => CH3 + CH2Bz(S) 
         k:       4.500000e+08	    0.00      26984.00


    189. CH2Bz(S)  => H + CH.Bz(S) 
         k:       9.000000e+15	    0.00      83482.00


    190. H + CH.Bz(S)  => CH2Bz(S) 
         k:       2.000000e+10	    0.00          0.00


    191. CH3 + CH.Bz(S)  => CHCH3Bz(S) 
         k:       1.000000e+10	    0.00          0.00


    192. CHCH3Bz(S)  => CH3 + CH.Bz(S) 
         k:       1.450000e+16	    0.00      70118.00


    193. H + CHCH3Bz(S)  => H2 + C.CH3Bz(S) 
         k:       2.200000e+05	    1.80       3000.00


    194. H2 + C.CH3Bz(S)  => H + CHCH3Bz(S) 
         k:       2.360000e+04	    1.80      31305.00


    195. CH3 + CHCH3Bz(S)  => CH4 + C.CH3Bz(S) 
         k:       3.100000e+08	    0.00       5500.00


    196. CH4 + C.CH3Bz(S)  => CH3 + CHCH3Bz(S) 
         k:       1.020000e+09	    0.00      34236.00


    197. CHCH3Bz(S)  => H + C.CH3Bz(S) 
         k:       4.000000e+15	    0.00      76140.00


    198. H + C.CH3Bz(S)  => CHCH3Bz(S) 
         k:       1.000000e+11	    0.00          0.00


    199. C.CH3Bz(S)  => H + CCH2Bz(S) 
         k:       3.000000e+13	    0.00      51500.00


    200. H + CCH2Bz(S)  => H2 + CCH.Bz(S) 
         k:       2.550000e+04	    1.90      12950.00


    201. H2 + CCH.Bz(S)  => H + CCH2Bz(S) 
         k:       1.560000e+03	    1.90       8018.00


    202. CH3 + CCH2Bz(S)  => CH4 + CCH.Bz(S) 
         k:       3.150000e+08	    0.00      16000.00


    203. CH4 + CCH.Bz(S)  => CH3 + CCH2Bz(S) 
         k:       5.890000e+08	    0.00      11498.00


    204. CH3 + CCH2Bz(S)  => H + CCHCH3Bz(S) 
         k:       3.300000e+08	    0.00      15900.00


    205. H + CCHCH3Bz(S)  => CH3 + CCH2Bz(S) 
         k:       7.860000e+09	    0.00       3836.00


    206. CH3 + CCH.Bz(S)  => CCHCH3Bz(S) 
         k:       2.500000e+10	    0.00          0.00


    207. CCHCH3Bz(S)  => CH3 + CCH.Bz(S) 
         k:       4.150000e+16	    0.00      97315.00


    208. H + CCHCH3Bz(S)  => H2 + CCHCH2.Bz(S) 
         k:       1.700000e+02	    2.50       2490.00


    209. H2 + CCHCH2.Bz(S)  => H + CCHCH3Bz(S) 
         k:       5.680000e+01	    2.50      20312.00


    210. CH3 + CCHCH3Bz(S)  => CH4 + CCHCH2.Bz(S) 
         k:       2.200000e-03	    3.50       5675.00


    211. CH4 + CCHCH2.Bz(S)  => CH3 + CCHCH3Bz(S) 
         k:       2.250000e-02	    3.50      23928.00


    212. CCHCH3Bz(S)  => H + CCHCH2.Bz(S) 
         k:       2.180000e+15	    0.00      86630.00


    213. H + CCHCH2.Bz(S)  => CCHCH3Bz(S) 
         k:       1.800000e+10	    0.00          0.00


    214. CCHCH2.Bz(S)  => Hz(S) + CH2Bz(S) + 2C(B) 
         k:       3.600000e+11	    0.00      14300.00
         Coverage dependent parameters for species Hz(S): 
                  0.00	1.00	0.00	


    215. Hz(S)  => H 
         k:       3.600000e+11	    0.00      14300.00
         Coverage dependent parameters for species CCHCH2.Bz(S): 
                  0.00	1.00	0.00	


    216. CCH2Bz(S)  => H + Hz(S) + 2C(B) 
         k:       3.600000e+11	    0.00      14300.00
         Coverage dependent parameters for species CHC.z(S): 
                  0.00	1.00	0.00	


    217. CHC.z(S)  => Hz(S) + 2C(B) 
         k:       3.600000e+11	    0.00      14300.00
         Coverage dependent parameters for species CCH2Bz(S): 
                  0.00	1.00	0.00	


    218. CCH.Bz(S)  => Hz(S) + 2C(B) 
         k:       3.600000e+11	    0.00      14300.00
         Coverage dependent parameters for species CHCHz(S): 
                  0.00	1.00	0.00	


    219. CHCHz(S)  => H + Hz(S) + 2C(B) 
         k:       3.600000e+11	    0.00      14300.00
         Coverage dependent parameters for species CCH.Bz(S): 
                  0.00	1.00	0.00	


    220. H + CHCHz(S)  => H2 + CHC.z(S) 
         k:       5.000000e+04	    1.80      16800.00


    221. H2 + CHC.z(S)  => H + CHCHz(S) 
         k:       1.450000e+04	    1.80       8734.00


    222. CH3 + CHCHz(S)  => CH4 + CHC.z(S) 
         k:       6.660000e+08	    0.00      15000.00


    223. CH4 + CHC.z(S)  => CH3 + CHCHz(S) 
         k:       1.470000e+09	    0.00       7370.00


    224. CH3 + CHCHz(S)  => H + CHCCH3z(S) 
         k:       7.500000e+09	    0.00      20954.00


    225. H + CHCCH3z(S)  => CH3 + CHCHz(S) 
         k:       1.740000e+11	    0.00       8100.00


    226. CHCHz(S)  => H + CHC.z(S) 
         k:       1.780000e+16	    0.00     112512.00


    227. H + CHC.z(S)  => CHCHz(S) 
         k:       1.000000e+11	    0.00          0.00


    228. C2H2 + CHC.z(S)  => CHCCHCH.z(S) 
         k:       4.150000e+19	   -2.70      17464.00


    229. CHCCHCH.z(S)  => C2H2 + CHC.z(S) 
         k:       3.010000e+46	  -10.50      50746.00


    230. CHCCHCH.z(S)  => Hz(S) + CHCHz(S) + 2C(B) 
         k:       3.600000e+11	    0.00      14300.00
         Coverage dependent parameters for species Hz(S): 
                  0.00	1.00	0.00	


    231. Hz(S)  => H 
         k:       3.600000e+11	    0.00      14300.00
         Coverage dependent parameters for species CHCCHCH.z(S): 
                  0.00	1.00	0.00	


    232. C2H4 + CHC.z(S)  => CHCCH2CH2.z(S) 
         k:       1.250000e+09	    0.00       6200.00


    233. CHCCH2CH2.z(S)  => C2H4 + CHC.z(S) 
         k:       3.010000e+46	  -10.50      50746.00


    234. CHCCH2CH2.z(S)  => Hz(S) + CH2CH2z(S) + 2C(B) 
         k:       3.600000e+11	    0.00      14300.00
         Coverage dependent parameters for species Hz(S): 
                  0.00	1.00	0.00	


    235. Hz(S)  => H 
         k:       3.600000e+11	    0.00      14300.00
         Coverage dependent parameters for species CHCCH2CH2.z(S): 
                  0.00	1.00	0.00	


    236. CH3 + CHC.z(S)  => CHCCH3z(S) 
         k:       3.000000e+10	    0.00          0.00


    237. CHCCH3z(S)  => CH3 + CHC.z(S) 
         k:       1.040000e+16	    0.00      99658.00


    238. H + CHCCH3z(S)  => H2 + CHCCH2.z(S) 
         k:       3.400000e-01	    3.40       3100.00


    239. H2 + CHCCH2.z(S)  => H + CHCCH3z(S) 
         k:       4.750000e-02	    3.40      18901.00


    240. CH3 + CHCCH3z(S)  => CH4 + CHCCH2.z(S) 
         k:       1.600000e+09	    0.00      11000.00


    241. CH4 + CHCCH2.z(S)  => CH3 + CHCCH3z(S) 
         k:       6.830000e+09	    0.00      27331.00


    242. CHCCH3z(S)  => H + CHCCH2.z(S) 
         k:       1.530000e+15	    0.00      88645.00


    243. H + CHCCH2.z(S)  => CHCCH3z(S) 
         k:       5.000000e+10	    0.00          0.00


    244. CHCCH2.z(S)  => CHCCH2c5z(S) 
         k:       3.600000e+11	    0.00      14300.00
         Coverage dependent parameters for species Hz(S): 
                  0.00	1.00	0.00	


    245. Hz(S)  => H 
         k:       3.600000e+11	    0.00      14300.00
         Coverage dependent parameters for species CHCCH2.z(S): 
                  0.00	1.00	0.00	


    246. H + CHCCH2c5z(S)  => H2 + CHCCH.c5z(S) 
         k:       2.200000e+05	    1.80       3000.00


    247. H2 + CHCCH.c5z(S)  => H + CHCCH2c5z(S) 
         k:       1.040000e+04	    1.80      24000.00


    248. CH3 + CHCCH2c5z(S)  => CH4 + CHCCH.c5z(S) 
         k:       3.100000e+08	    0.00       5500.00


    249. CH4 + CHCCH.c5z(S)  => CH3 + CHCCH2c5z(S) 
         k:       4.500000e+08	    0.00      26984.00


    250. CHCCH2c5z(S)  => H + CHCCH.c5z(S) 
         k:       9.000000e+15	    0.00      83482.00


    251. H + CHCCH.c5z(S)  => CHCCH2c5z(S) 
         k:       2.000000e+10	    0.00          0.00


    252. CH3 + CHCCH2c5z(S)  => H + CHCCHCH3c5z(S) 
         k:       5.730000e+08	    0.00      14563.00


    253. H + CHCCHCH3c5z(S)  => CH3 + CHCCH2c5z(S) 
         k:       1.000000e+10	    0.00       1200.00


    254. CH3 + CHCCH.c5z(S)  => CHCCHCH3c5z(S) 
         k:       1.000000e+10	    0.00          0.00


    255. CHCCHCH3c5z(S)  => CH3 + CHCCH.c5z(S) 
         k:       1.450000e+16	    0.00      70118.00


    256. H + CHCCHCH3c5z(S)  => H2 + CHCC.CH3c5z(S) 
         k:       2.200000e+05	    1.80       3000.00


    257. H2 + CHCC.CH3c5z(S)  => H + CHCCHCH3c5z(S) 
         k:       2.360000e+04	    1.80      31305.00


    258. CH3 + CHCCHCH3c5z(S)  => CH4 + CHCC.CH3c5z(S) 
         k:       3.100000e+08	    0.00       5500.00


    259. CH4 + CHCC.CH3c5z(S)  => CH3 + CHCCHCH3c5z(S) 
         k:       1.020000e+09	    0.00      34236.00


    260. CHCCHCH3c5z(S)  => H + CHCC.CH3c5z(S) 
         k:       4.000000e+15	    0.00      76140.00


    261. H + CHCC.CH3c5z(S)  => CHCCHCH3c5z(S) 
         k:       1.000000e+11	    0.00          0.00


    262. CHCC.CH3c5z(S)  => H + Hz(S) + CHCHz(S) + 2C(B) 
         k:       3.000000e+13	    0.00      51500.00


    263. PC3H4 + C.z(S)  => CHC.CH3z(S) + C(B) 
         k:       8.300000e+19	   -2.70      17464.00


    264. CHC.CH3z(S) + C(B)  => PC3H4 + C.z(S) 
         k:       3.010000e+46	  -10.50      50746.00


    265. CHC.CH3z(S)  => CHCHCH2.z(S) 
         k:       3.000000e+10	    1.00      35700.00


    266. C2H2 + CH.Bz(S)  => CHCHCH.Bz(S) 
         k:       3.200000e+10	    0.00      24480.00


    267. CHCHCH.Bz(S)  => CHCHCHBz(S) 
         k:       2.300000e+11	    0.00        400.00
         Coverage dependent parameters for species Hz(S): 
                  0.00	1.00	0.00	


    268. Hz(S)  => H 
         k:       2.300000e+11	    0.00        400.00
         Coverage dependent parameters for species CHCHCH.Bz(S): 
                  0.00	1.00	0.00	


    269. H + CHCHCHBz(S)  => H2 + Hz(S) + CH.Bz(S) + 2C(B) 
         k:       2.200000e+05	    1.80       3000.00


    270. CH3 + CHCHCHBz(S)  => CH4 + Hz(S) + CH.Bz(S) + 2C(B) 
         k:       3.100000e+08	    0.00       5500.00


    271. CHCHCHBz(S)  => H + Hz(S) + CH.Bz(S) + 2C(B) 
         k:       8.950000e+15	    0.00      83470.00


    272. C2H4 + CH.Bz(S)  => CHCH2CH2.Bz(S) 
         k:       3.200000e+10	    0.00      28480.00


    273. CHCH2CH2.Bz(S)  => CHCH2CH2Bz(S) 
         k:       2.300000e+11	    0.00        400.00
         Coverage dependent parameters for species Hz(S): 
                  0.00	1.00	0.00	


    274. Hz(S)  => H 
         k:       2.300000e+11	    0.00        400.00
         Coverage dependent parameters for species CHCH2CH2.Bz(S): 
                  0.00	1.00	0.00	


    275. CHCH2CH2Bz(S)  => H2 + CHCHCHBz(S) 
         k:       2.510000e+13	    0.00      59034.00


